Archive member included because of file (symbol)

C:\Users\kazes\OneDrive - National University of Singapore\Modules\EE2024\Assignments\Workspace\Lib_CMSISv1p30_LPC17xx\Debug\libCMSISv1p30_LPC17xx.a(system_LPC17xx.o)
                              ./src/main.o (SystemCoreClock)
C:\Users\kazes\OneDrive - National University of Singapore\Modules\EE2024\Assignments\Workspace\Lib_EaBaseBoard\Debug\libLib_EaBaseBoard.a(acc.o)
                              ./src/main.o (acc_init)
C:\Users\kazes\OneDrive - National University of Singapore\Modules\EE2024\Assignments\Workspace\Lib_EaBaseBoard\Debug\libLib_EaBaseBoard.a(joystick.o)
                              ./src/main.o (joystick_init)
C:\Users\kazes\OneDrive - National University of Singapore\Modules\EE2024\Assignments\Workspace\Lib_EaBaseBoard\Debug\libLib_EaBaseBoard.a(led7seg.o)
                              ./src/main.o (led7seg_init)
C:\Users\kazes\OneDrive - National University of Singapore\Modules\EE2024\Assignments\Workspace\Lib_EaBaseBoard\Debug\libLib_EaBaseBoard.a(light.o)
                              ./src/main.o (light_enable)
C:\Users\kazes\OneDrive - National University of Singapore\Modules\EE2024\Assignments\Workspace\Lib_EaBaseBoard\Debug\libLib_EaBaseBoard.a(oled.o)
                              ./src/main.o (oled_putPixel)
C:\Users\kazes\OneDrive - National University of Singapore\Modules\EE2024\Assignments\Workspace\Lib_EaBaseBoard\Debug\libLib_EaBaseBoard.a(pca9532.o)
                              ./src/main.o (pca9532_init)
C:\Users\kazes\OneDrive - National University of Singapore\Modules\EE2024\Assignments\Workspace\Lib_EaBaseBoard\Debug\libLib_EaBaseBoard.a(rgb.o)
                              ./src/main.o (rgb_init)
C:\Users\kazes\OneDrive - National University of Singapore\Modules\EE2024\Assignments\Workspace\Lib_EaBaseBoard\Debug\libLib_EaBaseBoard.a(temp.o)
                              ./src/main.o (temp_init)
C:\Users\kazes\OneDrive - National University of Singapore\Modules\EE2024\Assignments\Workspace\Lib_EaBaseBoard\Debug\libLib_EaBaseBoard.a(font5x7.o)
                              C:\Users\kazes\OneDrive - National University of Singapore\Modules\EE2024\Assignments\Workspace\Lib_EaBaseBoard\Debug\libLib_EaBaseBoard.a(oled.o) (font5x7)
C:\Users\kazes\OneDrive - National University of Singapore\Modules\EE2024\Assignments\Workspace\Lib_MCU\Debug\libLib_MCU.a(lpc17xx_gpio.o)
                              ./src/main.o (GPIO_SetDir)
C:\Users\kazes\OneDrive - National University of Singapore\Modules\EE2024\Assignments\Workspace\Lib_MCU\Debug\libLib_MCU.a(lpc17xx_i2c.o)
                              ./src/main.o (I2C_Init)
C:\Users\kazes\OneDrive - National University of Singapore\Modules\EE2024\Assignments\Workspace\Lib_MCU\Debug\libLib_MCU.a(lpc17xx_pinsel.o)
                              ./src/main.o (PINSEL_ConfigPin)
C:\Users\kazes\OneDrive - National University of Singapore\Modules\EE2024\Assignments\Workspace\Lib_MCU\Debug\libLib_MCU.a(lpc17xx_ssp.o)
                              ./src/main.o (SSP_Init)
C:\Users\kazes\OneDrive - National University of Singapore\Modules\EE2024\Assignments\Workspace\Lib_MCU\Debug\libLib_MCU.a(lpc17xx_timer.o)
                              ./src/main.o (Timer0_Wait)
C:\Users\kazes\OneDrive - National University of Singapore\Modules\EE2024\Assignments\Workspace\Lib_MCU\Debug\libLib_MCU.a(lpc17xx_uart.o)
                              ./src/main.o (UART_TxCmd)
C:\Users\kazes\OneDrive - National University of Singapore\Modules\EE2024\Assignments\Workspace\Lib_MCU\Debug\libLib_MCU.a(lpc17xx_clkpwr.o)
                              C:\Users\kazes\OneDrive - National University of Singapore\Modules\EE2024\Assignments\Workspace\Lib_MCU\Debug\libLib_MCU.a(lpc17xx_i2c.o) (CLKPWR_SetPCLKDiv)
c:/nxp/lpcxpresso_6.1.4_194/lpcxpresso/tools/bin/../lib/gcc/arm-none-eabi/4.6.2/armv7-m\libgcc.a(_aeabi_uldivmod.o)
                              C:\Users\kazes\OneDrive - National University of Singapore\Modules\EE2024\Assignments\Workspace\Lib_CMSISv1p30_LPC17xx\Debug\libCMSISv1p30_LPC17xx.a(system_LPC17xx.o) (__aeabi_uldivmod)
c:/nxp/lpcxpresso_6.1.4_194/lpcxpresso/tools/bin/../lib/gcc/arm-none-eabi/4.6.2/armv7-m\libgcc.a(bpabi.o)
                              c:/nxp/lpcxpresso_6.1.4_194/lpcxpresso/tools/bin/../lib/gcc/arm-none-eabi/4.6.2/armv7-m\libgcc.a(_aeabi_uldivmod.o) (__gnu_uldivmod_helper)
c:/nxp/lpcxpresso_6.1.4_194/lpcxpresso/tools/bin/../lib/gcc/arm-none-eabi/4.6.2/armv7-m\libgcc.a(_dvmd_tls.o)
                              c:/nxp/lpcxpresso_6.1.4_194/lpcxpresso/tools/bin/../lib/gcc/arm-none-eabi/4.6.2/armv7-m\libgcc.a(_aeabi_uldivmod.o) (__aeabi_ldiv0)
c:/nxp/lpcxpresso_6.1.4_194/lpcxpresso/tools/bin/../lib/gcc/arm-none-eabi/4.6.2/armv7-m\libgcc.a(_divdi3.o)
                              c:/nxp/lpcxpresso_6.1.4_194/lpcxpresso/tools/bin/../lib/gcc/arm-none-eabi/4.6.2/armv7-m\libgcc.a(bpabi.o) (__divdi3)
[...]
Memory Configuration

Name             Origin             Length             Attributes
MFlash512        0x00000000         0x00080000         xr
RamLoc32         0x10000000         0x00008000         xrw
RamAHB32         0x2007c000         0x00008000         xrw
*default*        0x00000000         0xffffffff

Linker script and memory map

LOAD ./src/cr_startup_lpc17.o
LOAD ./src/main.o
LOAD C:\Users\kazes\OneDrive - National University of Singapore\Modules\EE2024\Assignments\Workspace\Lib_CMSISv1p30_LPC17xx\Debug\libCMSISv1p30_LPC17xx.a
LOAD C:\Users\kazes\OneDrive - National University of Singapore\Modules\EE2024\Assignments\Workspace\Lib_EaBaseBoard\Debug\libLib_EaBaseBoard.a
LOAD C:\Users\kazes\OneDrive - National University of Singapore\Modules\EE2024\Assignments\Workspace\Lib_MCU\Debug\libLib_MCU.a
START GROUP
LOAD c:/nxp/lpcxpresso_6.1.4_194/lpcxpresso/tools/bin/../lib/gcc/arm-none-eabi/4.6.2/armv7-m\libgcc.a
LOAD c:/nxp/lpcxpresso_6.1.4_194/lpcxpresso/tools/bin/../lib/gcc/arm-none-eabi/4.6.2/../../../../arm-none-eabi/lib/armv7-m\libc.a
LOAD c:/nxp/lpcxpresso_6.1.4_194/lpcxpresso/tools/bin/../lib/gcc/arm-none-eabi/4.6.2/../../../../arm-none-eabi/lib/armv7-m\libm.a
LOAD c:/nxp/lpcxpresso_6.1.4_194/lpcxpresso/tools/bin/../lib/gcc/arm-none-eabi/4.6.2/../../../../arm-none-eabi/lib/armv7-m\libcr_newlib_semihost.a
END GROUP
                0x00080000                __top_MFlash512 = 0x80000
                0x10008000                __top_RamLoc32 = 0x10008000
                0x20084000                __top_RamAHB32 = 0x20084000

.text           0x00000000     0xc068
 FILL mask 0xff
                0x00000000                __vectors_start__ = ABSOLUTE (.)
 *(.isr_vector)
 .isr_vector    0x00000000       0xcc ./src/cr_startup_lpc17.o
                0x00000000                g_pfnVectors
                0x000000cc                . = ALIGN (0x4)
                0x000000cc                __section_table_start = .
                0x000000cc                __data_section_table = .
                0x000000cc        0x4 LONG 0xc070 LOADADDR (.data)
                0x000000d0        0x4 LONG 0x10000000 ADDR (.data)
                0x000000d4        0x4 LONG 0x934 SIZEOF (.data)
                0x000000d8        0x4 LONG 0xc070 LOADADDR (.data_RAM2)
                0x000000dc        0x4 LONG 0x2007c000 ADDR (.data_RAM2)
                0x000000e0        0x4 LONG 0x0 SIZEOF (.data_RAM2)
                0x000000e4                __data_section_table_end = .
                0x000000e4                __bss_section_table = .
                0x000000e4        0x4 LONG 0x10000934 ADDR (.bss)
                0x000000e8        0x4 LONG 0x3c4 SIZEOF (.bss)
                0x000000ec        0x4 LONG 0x2007c000 ADDR (.bss_RAM2)
                0x000000f0        0x4 LONG 0x0 SIZEOF (.bss_RAM2)
                0x000000f4                __bss_section_table_end = .
                0x000000f4                __section_table_end = .
 *(.after_vectors*)
 *(.text*)
 .text.ResetISR
                0x000000f4       0x68 ./src/cr_startup_lpc17.o
                0x000000f4                ResetISR
 .text.NMI_Handler
                0x0000015c        0x8 ./src/cr_startup_lpc17.o
                0x0000015c                NMI_Handler
 .text.HardFault_Handler
                0x00000164        0x8 ./src/cr_startup_lpc17.o
                0x00000164                HardFault_Handler
 .text.MemManage_Handler
                0x0000016c        0x8 ./src/cr_startup_lpc17.o
                0x0000016c                MemManage_Handler
 .text.BusFault_Handler
                0x00000174        0x8 ./src/cr_startup_lpc17.o
                0x00000174                BusFault_Handler
 .text.UsageFault_Handler
                0x0000017c        0x8 ./src/cr_startup_lpc17.o
                0x0000017c                UsageFault_Handler
 .text.SVCall_Handler
                0x00000184        0x8 ./src/cr_startup_lpc17.o
                0x00000184                SVCall_Handler
 .text.DebugMon_Handler
                0x0000018c        0x8 ./src/cr_startup_lpc17.o
                0x0000018c                DebugMon_Handler
 .text.PendSV_Handler
                0x00000194        0x8 ./src/cr_startup_lpc17.o
                0x00000194                PendSV_Handler
 .text.IntDefaultHandler
                0x0000019c        0x8 ./src/cr_startup_lpc17.o
                0x0000019c                TIMER2_IRQHandler
                0x0000019c                RIT_IRQHandler
                0x0000019c                I2C0_IRQHandler
                0x0000019c                USBActivity_IRQHandler
                0x0000019c                PWM1_IRQHandler
                0x0000019c                I2C1_IRQHandler
                0x0000019c                EINT2_IRQHandler
                0x0000019c                UART1_IRQHandler
                0x0000019c                CANActivity_IRQHandler
                0x0000019c                TIMER3_IRQHandler
                0x0000019c                UART0_IRQHandler
                0x0000019c                IntDefaultHandler
                0x0000019c                PLL0_IRQHandler
                0x0000019c                CAN_IRQHandler
                0x0000019c                PLL1_IRQHandler
                0x0000019c                SSP0_IRQHandler
                0x0000019c                I2S_IRQHandler
                0x0000019c                I2C2_IRQHandler
                0x0000019c                RTC_IRQHandler
                0x0000019c                TIMER0_IRQHandler
                0x0000019c                SPI_IRQHandler
                0x0000019c                EINT1_IRQHandler
                0x0000019c                TIMER1_IRQHandler
                0x0000019c                UART2_IRQHandler
                0x0000019c                ADC_IRQHandler
                0x0000019c                SSP1_IRQHandler
                0x0000019c                USB_IRQHandler
                0x0000019c                BOD_IRQHandler
                0x0000019c                WDT_IRQHandler
                0x0000019c                QEI_IRQHandler
                0x0000019c                EINT0_IRQHandler
                0x0000019c                DMA_IRQHandler
                0x0000019c                UART3_IRQHandler
                0x0000019c                MCPWM_IRQHandler
                0x0000019c                ENET_IRQHandler
 .text.NVIC_EnableIRQ
                0x000001a4       0x38 ./src/main.o
 .text.NVIC_SetPriority
                0x000001dc       0x5c ./src/main.o
 .text.SysTick_Config
                0x00000238       0x64 ./src/main.o
 .text.drawOled
                0x0000029c      0x1a4 ./src/main.o
 .text.playNote
                0x00000440       0x70 ./src/main.o
 .text.getNote  0x000004b0       0x5c ./src/main.o
 .text.getDuration
                0x0000050c       0x38 ./src/main.o
 .text.getPause
                0x00000544       0x4c ./src/main.o
 .text.playSong
                0x00000590       0x94 ./src/main.o
 .text.init_ssp
                0x00000624       0x98 ./src/main.o
 .text.init_i2c
                0x000006bc       0x5c ./src/main.o
 .text.init_GPIO
                0x00000718       0x44 ./src/main.o
 .text.pinsel_uart3
                0x0000075c       0x38 ./src/main.o
                0x0000075c                pinsel_uart3
 .text.init_uart
                0x00000794       0x4c ./src/main.o
                0x00000794                init_uart
 .text.SysTick_Handler
                0x000007e0       0x24 ./src/main.o
                0x000007e0                SysTick_Handler
 .text.EINT3_IRQHandler
                0x00000804       0x84 ./src/main.o
                0x00000804                EINT3_IRQHandler
 .text.getTicks
                0x00000888       0x18 ./src/main.o
                0x00000888                getTicks
 .text.main     0x000008a0      0x608 ./src/main.o
                0x000008a0                main
 .text.check_failed
                0x00000ea8        0xc ./src/main.o
                0x00000ea8                check_failed
 .text.SystemInit
                0x00000eb4      0x22c C:\Users\kazes\OneDrive - National University of Singapore\Modules\EE2024\Assignments\Workspace\Lib_CMSISv1p30_LPC17xx\Debug\libCMSISv1p30_LPC17xx.a(system_LPC17xx.o)
                0x00000eb4                SystemInit
 .text.I2CRead  0x000010e0       0x5c C:\Users\kazes\OneDrive - National University of Singapore\Modules\EE2024\Assignments\Workspace\Lib_EaBaseBoard\Debug\libLib_EaBaseBoard.a(acc.o)
 .text.I2CWrite
                0x0000113c       0x5c C:\Users\kazes\OneDrive - National University of Singapore\Modules\EE2024\Assignments\Workspace\Lib_EaBaseBoard\Debug\libLib_EaBaseBoard.a(acc.o)
 .text.getStatus
                0x00001198       0x3c C:\Users\kazes\OneDrive - National University of Singapore\Modules\EE2024\Assignments\Workspace\Lib_EaBaseBoard\Debug\libLib_EaBaseBoard.a(acc.o)
 .text.setModeControl
                0x000011d4       0x30 C:\Users\kazes\OneDrive - National University of Singapore\Modules\EE2024\Assignments\Workspace\Lib_EaBaseBoard\Debug\libLib_EaBaseBoard.a(acc.o)
 .text.acc_init
                0x00001204       0x10 C:\Users\kazes\OneDrive - National University of Singapore\Modules\EE2024\Assignments\Workspace\Lib_EaBaseBoard\Debug\libLib_EaBaseBoard.a(acc.o)
                0x00001204                acc_init
 .text.acc_read
                0x00001214       0xbc C:\Users\kazes\OneDrive - National University of Singapore\Modules\EE2024\Assignments\Workspace\Lib_EaBaseBoard\Debug\libLib_EaBaseBoard.a(acc.o)
                0x00001214                acc_read
 .text.joystick_init
                0x000012d0       0x28 C:\Users\kazes\OneDrive - National University of Singapore\Modules\EE2024\Assignments\Workspace\Lib_EaBaseBoard\Debug\libLib_EaBaseBoard.a(joystick.o)
                0x000012d0                joystick_init
 .text.joystick_read
                0x000012f8       0x98 C:\Users\kazes\OneDrive - National University of Singapore\Modules\EE2024\Assignments\Workspace\Lib_EaBaseBoard\Debug\libLib_EaBaseBoard.a(joystick.o)
                0x000012f8                joystick_read
 .text.led7seg_init
                0x00001390       0x24 C:\Users\kazes\OneDrive - National University of Singapore\Modules\EE2024\Assignments\Workspace\Lib_EaBaseBoard\Debug\libLib_EaBaseBoard.a(led7seg.o)
                0x00001390                led7seg_init
 .text.led7seg_setChar
                0x000013b4       0x88 C:\Users\kazes\OneDrive - National University of Singapore\Modules\EE2024\Assignments\Workspace\Lib_EaBaseBoard\Debug\libLib_EaBaseBoard.a(led7seg.o)
                0x000013b4                led7seg_setChar
 .text.I2CRead  0x0000143c       0x5c C:\Users\kazes\OneDrive - National University of Singapore\Modules\EE2024\Assignments\Workspace\Lib_EaBaseBoard\Debug\libLib_EaBaseBoard.a(light.o)
 .text.I2CWrite
                0x00001498       0x5c C:\Users\kazes\OneDrive - National University of Singapore\Modules\EE2024\Assignments\Workspace\Lib_EaBaseBoard\Debug\libLib_EaBaseBoard.a(light.o)
 .text.readControlReg
                0x000014f4       0x3c C:\Users\kazes\OneDrive - National University of Singapore\Modules\EE2024\Assignments\Workspace\Lib_EaBaseBoard\Debug\libLib_EaBaseBoard.a(light.o)
 .text.light_enable
                0x00001530       0x48 C:\Users\kazes\OneDrive - National University of Singapore\Modules\EE2024\Assignments\Workspace\Lib_EaBaseBoard\Debug\libLib_EaBaseBoard.a(light.o)
                0x00001530                light_enable
 .text.light_read
                0x00001578       0x90 C:\Users\kazes\OneDrive - National University of Singapore\Modules\EE2024\Assignments\Workspace\Lib_EaBaseBoard\Debug\libLib_EaBaseBoard.a(light.o)
                0x00001578                light_read
 .text.light_setRange
                0x00001608       0xac C:\Users\kazes\OneDrive - National University of Singapore\Modules\EE2024\Assignments\Workspace\Lib_EaBaseBoard\Debug\libLib_EaBaseBoard.a(light.o)
                0x00001608                light_setRange
 .text.light_setLoThreshold
                0x000016b4       0x58 C:\Users\kazes\OneDrive - National University of Singapore\Modules\EE2024\Assignments\Workspace\Lib_EaBaseBoard\Debug\libLib_EaBaseBoard.a(light.o)
                0x000016b4                light_setLoThreshold
 .text.light_clearIrqStatus
                0x0000170c       0x3c C:\Users\kazes\OneDrive - National University of Singapore\Modules\EE2024\Assignments\Workspace\Lib_EaBaseBoard\Debug\libLib_EaBaseBoard.a(light.o)
                0x0000170c                light_clearIrqStatus
 .text.writeCommand
                0x00001748       0x60 C:\Users\kazes\OneDrive - National University of Singapore\Modules\EE2024\Assignments\Workspace\Lib_EaBaseBoard\Debug\libLib_EaBaseBoard.a(oled.o)
 .text.writeData
                0x000017a8       0x60 C:\Users\kazes\OneDrive - National University of Singapore\Modules\EE2024\Assignments\Workspace\Lib_EaBaseBoard\Debug\libLib_EaBaseBoard.a(oled.o)
 .text.writeDataLen
                0x00001808       0x8c C:\Users\kazes\OneDrive - National University of Singapore\Modules\EE2024\Assignments\Workspace\Lib_EaBaseBoard\Debug\libLib_EaBaseBoard.a(oled.o)
 .text.runInitSequence
                0x00001894      0x118 C:\Users\kazes\OneDrive - National University of Singapore\Modules\EE2024\Assignments\Workspace\Lib_EaBaseBoard\Debug\libLib_EaBaseBoard.a(oled.o)
 .text.oled_init
                0x000019ac       0x9c C:\Users\kazes\OneDrive - National University of Singapore\Modules\EE2024\Assignments\Workspace\Lib_EaBaseBoard\Debug\libLib_EaBaseBoard.a(oled.o)
                0x000019ac                oled_init
 .text.oled_putPixel
                0x00001a48      0x188 C:\Users\kazes\OneDrive - National University of Singapore\Modules\EE2024\Assignments\Workspace\Lib_EaBaseBoard\Debug\libLib_EaBaseBoard.a(oled.o)
                0x00001a48                oled_putPixel
 .text.oled_clearScreen
                0x00001bd0       0x74 C:\Users\kazes\OneDrive - National University of Singapore\Modules\EE2024\Assignments\Workspace\Lib_EaBaseBoard\Debug\libLib_EaBaseBoard.a(oled.o)
                0x00001bd0                oled_clearScreen
 .text.oled_putChar
                0x00001c44       0xf0 C:\Users\kazes\OneDrive - National University of Singapore\Modules\EE2024\Assignments\Workspace\Lib_EaBaseBoard\Debug\libLib_EaBaseBoard.a(oled.o)
                0x00001c44                oled_putChar
 .text.oled_putString
                0x00001d34       0x54 C:\Users\kazes\OneDrive - National University of Singapore\Modules\EE2024\Assignments\Workspace\Lib_EaBaseBoard\Debug\libLib_EaBaseBoard.a(oled.o)
                0x00001d34                oled_putString
 .text.pca9532_init
                0x00001d88        0xc C:\Users\kazes\OneDrive - National University of Singapore\Modules\EE2024\Assignments\Workspace\Lib_EaBaseBoard\Debug\libLib_EaBaseBoard.a(pca9532.o)
                0x00001d88                pca9532_init
 .text.rgb_init
                0x00001d94       0x38 C:\Users\kazes\OneDrive - National University of Singapore\Modules\EE2024\Assignments\Workspace\Lib_EaBaseBoard\Debug\libLib_EaBaseBoard.a(rgb.o)
                0x00001d94                rgb_init
 .text.temp_init
                0x00001dcc       0x2c C:\Users\kazes\OneDrive - National University of Singapore\Modules\EE2024\Assignments\Workspace\Lib_EaBaseBoard\Debug\libLib_EaBaseBoard.a(temp.o)
                0x00001dcc                temp_init
 .text.temp_read
                0x00001df8      0x10c C:\Users\kazes\OneDrive - National University of Singapore\Modules\EE2024\Assignments\Workspace\Lib_EaBaseBoard\Debug\libLib_EaBaseBoard.a(temp.o)
                0x00001df8                temp_read
 .text.GPIO_GetPointer
                0x00001f04       0x7c C:\Users\kazes\OneDrive - National University of Singapore\Modules\EE2024\Assignments\Workspace\Lib_MCU\Debug\libLib_MCU.a(lpc17xx_gpio.o)
 .text.GPIO_SetDir
                0x00001f80       0x54 C:\Users\kazes\OneDrive - National University of Singapore\Modules\EE2024\Assignments\Workspace\Lib_MCU\Debug\libLib_MCU.a(lpc17xx_gpio.o)
                0x00001f80                GPIO_SetDir
 .text.GPIO_SetValue
                0x00001fd4       0x2c C:\Users\kazes\OneDrive - National University of Singapore\Modules\EE2024\Assignments\Workspace\Lib_MCU\Debug\libLib_MCU.a(lpc17xx_gpio.o)
                0x00001fd4                GPIO_SetValue
 .text.GPIO_ClearValue
                0x00002000       0x2c C:\Users\kazes\OneDrive - National University of Singapore\Modules\EE2024\Assignments\Workspace\Lib_MCU\Debug\libLib_MCU.a(lpc17xx_gpio.o)
                0x00002000                GPIO_ClearValue
 .text.GPIO_ReadValue
                0x0000202c       0x30 C:\Users\kazes\OneDrive - National University of Singapore\Modules\EE2024\Assignments\Workspace\Lib_MCU\Debug\libLib_MCU.a(lpc17xx_gpio.o)
                0x0000202c                GPIO_ReadValue
 .text.NVIC_EnableIRQ
                0x0000205c       0x38 C:\Users\kazes\OneDrive - National University of Singapore\Modules\EE2024\Assignments\Workspace\Lib_MCU\Debug\libLib_MCU.a(lpc17xx_i2c.o)
 .text.NVIC_DisableIRQ
                0x00002094       0x3c C:\Users\kazes\OneDrive - National University of Singapore\Modules\EE2024\Assignments\Workspace\Lib_MCU\Debug\libLib_MCU.a(lpc17xx_i2c.o)
 .text.I2C_getNum
                0x000020d0       0x54 C:\Users\kazes\OneDrive - National University of Singapore\Modules\EE2024\Assignments\Workspace\Lib_MCU\Debug\libLib_MCU.a(lpc17xx_i2c.o)
 .text.I2C_Start
                0x00002124       0x44 C:\Users\kazes\OneDrive - National University of Singapore\Modules\EE2024\Assignments\Workspace\Lib_MCU\Debug\libLib_MCU.a(lpc17xx_i2c.o)
 .text.I2C_Stop
                0x00002168       0x38 C:\Users\kazes\OneDrive - National University of Singapore\Modules\EE2024\Assignments\Workspace\Lib_MCU\Debug\libLib_MCU.a(lpc17xx_i2c.o)
 .text.I2C_SendByte
                0x000021a0       0x50 C:\Users\kazes\OneDrive - National University of Singapore\Modules\EE2024\Assignments\Workspace\Lib_MCU\Debug\libLib_MCU.a(lpc17xx_i2c.o)
 .text.I2C_GetByte
                0x000021f0       0x5c C:\Users\kazes\OneDrive - National University of Singapore\Modules\EE2024\Assignments\Workspace\Lib_MCU\Debug\libLib_MCU.a(lpc17xx_i2c.o)
 .text.I2C_IntCmd
                0x0000224c       0xa8 C:\Users\kazes\OneDrive - National University of Singapore\Modules\EE2024\Assignments\Workspace\Lib_MCU\Debug\libLib_MCU.a(lpc17xx_i2c.o)
                0x0000224c                I2C_IntCmd
 .text.I2C_MasterHandler
                0x000022f4      0x408 C:\Users\kazes\OneDrive - National University of Singapore\Modules\EE2024\Assignments\Workspace\Lib_MCU\Debug\libLib_MCU.a(lpc17xx_i2c.o)
                0x000022f4                I2C_MasterHandler
 .text.I2C_SetClock
                0x000026fc       0xc8 C:\Users\kazes\OneDrive - National University of Singapore\Modules\EE2024\Assignments\Workspace\Lib_MCU\Debug\libLib_MCU.a(lpc17xx_i2c.o)
                0x000026fc                I2C_SetClock
 .text.I2C_Init
                0x000027c4       0xd8 C:\Users\kazes\OneDrive - National University of Singapore\Modules\EE2024\Assignments\Workspace\Lib_MCU\Debug\libLib_MCU.a(lpc17xx_i2c.o)
                0x000027c4                I2C_Init
 .text.I2C_Cmd  0x0000289c       0x84 C:\Users\kazes\OneDrive - National University of Singapore\Modules\EE2024\Assignments\Workspace\Lib_MCU\Debug\libLib_MCU.a(lpc17xx_i2c.o)
                0x0000289c                I2C_Cmd
 .text.I2C_MasterTransferData
                0x00002920      0x390 C:\Users\kazes\OneDrive - National University of Singapore\Modules\EE2024\Assignments\Workspace\Lib_MCU\Debug\libLib_MCU.a(lpc17xx_i2c.o)
                0x00002920                I2C_MasterTransferData
 .text.PINSEL_SetPinFunc
                0x00002cb0       0x9c C:\Users\kazes\OneDrive - National University of Singapore\Modules\EE2024\Assignments\Workspace\Lib_MCU\Debug\libLib_MCU.a(lpc17xx_pinsel.o)
                0x00002cb0                PINSEL_SetPinFunc
 .text.PINSEL_SetResistorMode
                0x00002d4c       0x9c C:\Users\kazes\OneDrive - National University of Singapore\Modules\EE2024\Assignments\Workspace\Lib_MCU\Debug\libLib_MCU.a(lpc17xx_pinsel.o)
                0x00002d4c                PINSEL_SetResistorMode
 .text.PINSEL_SetOpenDrainMode
                0x00002de8       0x7c C:\Users\kazes\OneDrive - National University of Singapore\Modules\EE2024\Assignments\Workspace\Lib_MCU\Debug\libLib_MCU.a(lpc17xx_pinsel.o)
                0x00002de8                PINSEL_SetOpenDrainMode
 .text.PINSEL_ConfigPin
                0x00002e64       0x54 C:\Users\kazes\OneDrive - National University of Singapore\Modules\EE2024\Assignments\Workspace\Lib_MCU\Debug\libLib_MCU.a(lpc17xx_pinsel.o)
                0x00002e64                PINSEL_ConfigPin
 .text.SSP_getNum
                0x00002eb8       0x40 C:\Users\kazes\OneDrive - National University of Singapore\Modules\EE2024\Assignments\Workspace\Lib_MCU\Debug\libLib_MCU.a(lpc17xx_ssp.o)
 .text.SSP_IntHandler
                0x00002ef8      0x338 C:\Users\kazes\OneDrive - National University of Singapore\Modules\EE2024\Assignments\Workspace\Lib_MCU\Debug\libLib_MCU.a(lpc17xx_ssp.o)
                0x00002ef8                SSP_IntHandler
 .text.SSP_SetClock
                0x00003230       0xf8 C:\Users\kazes\OneDrive - National University of Singapore\Modules\EE2024\Assignments\Workspace\Lib_MCU\Debug\libLib_MCU.a(lpc17xx_ssp.o)
                0x00003230                SSP_SetClock
 .text.SSP_Init
                0x00003328      0x10c C:\Users\kazes\OneDrive - National University of Singapore\Modules\EE2024\Assignments\Workspace\Lib_MCU\Debug\libLib_MCU.a(lpc17xx_ssp.o)
                0x00003328                SSP_Init
 .text.SSP_ConfigStructInit
                0x00003434       0x48 C:\Users\kazes\OneDrive - National University of Singapore\Modules\EE2024\Assignments\Workspace\Lib_MCU\Debug\libLib_MCU.a(lpc17xx_ssp.o)
                0x00003434                SSP_ConfigStructInit
 .text.SSP_Cmd  0x0000347c       0x7c C:\Users\kazes\OneDrive - National University of Singapore\Modules\EE2024\Assignments\Workspace\Lib_MCU\Debug\libLib_MCU.a(lpc17xx_ssp.o)
                0x0000347c                SSP_Cmd
 .text.SSP_SendData
                0x000034f8       0x48 C:\Users\kazes\OneDrive - National University of Singapore\Modules\EE2024\Assignments\Workspace\Lib_MCU\Debug\libLib_MCU.a(lpc17xx_ssp.o)
                0x000034f8                SSP_SendData
 .text.SSP_ReceiveData
                0x00003540       0x44 C:\Users\kazes\OneDrive - National University of Singapore\Modules\EE2024\Assignments\Workspace\Lib_MCU\Debug\libLib_MCU.a(lpc17xx_ssp.o)
                0x00003540                SSP_ReceiveData
 .text.SSP_ReadWrite
                0x00003584      0x440 C:\Users\kazes\OneDrive - National University of Singapore\Modules\EE2024\Assignments\Workspace\Lib_MCU\Debug\libLib_MCU.a(lpc17xx_ssp.o)
                0x00003584                SSP_ReadWrite
 .text.TIM_GetPClock
                0x000039c4       0x68 C:\Users\kazes\OneDrive - National University of Singapore\Modules\EE2024\Assignments\Workspace\Lib_MCU\Debug\libLib_MCU.a(lpc17xx_timer.o)
                0x000039c4                TIM_GetPClock
 .text.TIM_ConverUSecToVal
                0x00003a2c       0x64 C:\Users\kazes\OneDrive - National University of Singapore\Modules\EE2024\Assignments\Workspace\Lib_MCU\Debug\libLib_MCU.a(lpc17xx_timer.o)
                0x00003a2c                TIM_ConverUSecToVal
 .text.TIM_ConverPtrToTimeNum
                0x00003a90       0x6c C:\Users\kazes\OneDrive - National University of Singapore\Modules\EE2024\Assignments\Workspace\Lib_MCU\Debug\libLib_MCU.a(lpc17xx_timer.o)
                0x00003a90                TIM_ConverPtrToTimeNum
 .text.TIM_GetIntStatus
                0x00003afc       0xb4 C:\Users\kazes\OneDrive - National University of Singapore\Modules\EE2024\Assignments\Workspace\Lib_MCU\Debug\libLib_MCU.a(lpc17xx_timer.o)
                0x00003afc                TIM_GetIntStatus
 .text.TIM_ClearIntPending
                0x00003bb0       0xa0 C:\Users\kazes\OneDrive - National University of Singapore\Modules\EE2024\Assignments\Workspace\Lib_MCU\Debug\libLib_MCU.a(lpc17xx_timer.o)
                0x00003bb0                TIM_ClearIntPending
 .text.TIM_Init
                0x00003c50      0x1bc C:\Users\kazes\OneDrive - National University of Singapore\Modules\EE2024\Assignments\Workspace\Lib_MCU\Debug\libLib_MCU.a(lpc17xx_timer.o)
                0x00003c50                TIM_Init
 .text.TIM_Cmd  0x00003e0c       0x78 C:\Users\kazes\OneDrive - National University of Singapore\Modules\EE2024\Assignments\Workspace\Lib_MCU\Debug\libLib_MCU.a(lpc17xx_timer.o)
                0x00003e0c                TIM_Cmd
 .text.TIM_ConfigMatch
                0x00003e84      0x19c C:\Users\kazes\OneDrive - National University of Singapore\Modules\EE2024\Assignments\Workspace\Lib_MCU\Debug\libLib_MCU.a(lpc17xx_timer.o)
                0x00003e84                TIM_ConfigMatch
 .text.Timer0_Wait
                0x00004020       0x8c C:\Users\kazes\OneDrive - National University of Singapore\Modules\EE2024\Assignments\Workspace\Lib_MCU\Debug\libLib_MCU.a(lpc17xx_timer.o)
                0x00004020                Timer0_Wait
 .text.Timer0_us_Wait
                0x000040ac       0x8c C:\Users\kazes\OneDrive - National University of Singapore\Modules\EE2024\Assignments\Workspace\Lib_MCU\Debug\libLib_MCU.a(lpc17xx_timer.o)
                0x000040ac                Timer0_us_Wait
 .text.uart_set_divisors
                0x00004138      0x26c C:\Users\kazes\OneDrive - National University of Singapore\Modules\EE2024\Assignments\Workspace\Lib_MCU\Debug\libLib_MCU.a(lpc17xx_uart.o)
                0x00004138                uart_set_divisors
 .text.UART_Init
                0x000043a4      0x368 C:\Users\kazes\OneDrive - National University of Singapore\Modules\EE2024\Assignments\Workspace\Lib_MCU\Debug\libLib_MCU.a(lpc17xx_uart.o)
                0x000043a4                UART_Init
 .text.UART_SendData
                0x0000470c       0x78 C:\Users\kazes\OneDrive - National University of Singapore\Modules\EE2024\Assignments\Workspace\Lib_MCU\Debug\libLib_MCU.a(lpc17xx_uart.o)
                0x0000470c                UART_SendData
 .text.UART_TxCmd
                0x00004784       0xe8 C:\Users\kazes\OneDrive - National University of Singapore\Modules\EE2024\Assignments\Workspace\Lib_MCU\Debug\libLib_MCU.a(lpc17xx_uart.o)
                0x00004784                UART_TxCmd
 .text.UART_Send
                0x0000486c      0x10c C:\Users\kazes\OneDrive - National University of Singapore\Modules\EE2024\Assignments\Workspace\Lib_MCU\Debug\libLib_MCU.a(lpc17xx_uart.o)
                0x0000486c                UART_Send
 .text.CLKPWR_SetPCLKDiv
                0x00004978       0xcc C:\Users\kazes\OneDrive - National University of Singapore\Modules\EE2024\Assignments\Workspace\Lib_MCU\Debug\libLib_MCU.a(lpc17xx_clkpwr.o)
                0x00004978                CLKPWR_SetPCLKDiv
 .text.CLKPWR_GetPCLKSEL
                0x00004a44       0x54 C:\Users\kazes\OneDrive - National University of Singapore\Modules\EE2024\Assignments\Workspace\Lib_MCU\Debug\libLib_MCU.a(lpc17xx_clkpwr.o)
                0x00004a44                CLKPWR_GetPCLKSEL
 .text.CLKPWR_GetPCLK
                0x00004a98       0x74 C:\Users\kazes\OneDrive - National University of Singapore\Modules\EE2024\Assignments\Workspace\Lib_MCU\Debug\libLib_MCU.a(lpc17xx_clkpwr.o)
                0x00004a98                CLKPWR_GetPCLK
 .text.CLKPWR_ConfigPPWR
                0x00004b0c       0x78 C:\Users\kazes\OneDrive - National University of Singapore\Modules\EE2024\Assignments\Workspace\Lib_MCU\Debug\libLib_MCU.a(lpc17xx_clkpwr.o)
                0x00004b0c                CLKPWR_ConfigPPWR
 .text          0x00004b84       0x2c c:/nxp/lpcxpresso_6.1.4_194/lpcxpresso/tools/bin/../lib/gcc/arm-none-eabi/4.6.2/armv7-m\libgcc.a(_aeabi_uldivmod.o)
                0x00004b84                __aeabi_uldivmod
 .text          0x00004bb0       0x5c c:/nxp/lpcxpresso_6.1.4_194/lpcxpresso/tools/bin/../lib/gcc/arm-none-eabi/4.6.2/armv7-m\libgcc.a(bpabi.o)
                0x00004bb0                __gnu_ldivmod_helper
                0x00004be0                __gnu_uldivmod_helper
 .text          0x00004c0c        0x4 c:/nxp/lpcxpresso_6.1.4_194/lpcxpresso/tools/bin/../lib/gcc/arm-none-eabi/4.6.2/armv7-m\libgcc.a(_dvmd_tls.o)
                0x00004c0c                __aeabi_idiv0
                0x00004c0c                __aeabi_ldiv0
 .text          0x00004c10      0x2c8 c:/nxp/lpcxpresso_6.1.4_194/lpcxpresso/tools/bin/../lib/gcc/arm-none-eabi/4.6.2/armv7-m\libgcc.a(_divdi3.o)
                0x00004c10                __divdi3
 .text          0x00004ed8      0x298 c:/nxp/lpcxpresso_6.1.4_194/lpcxpresso/tools/bin/../lib/gcc/arm-none-eabi/4.6.2/armv7-m\libgcc.a(_udivdi3.o)
                0x00004ed8                __udivdi3
 .text.memset   0x00005170       0x90 c:/nxp/lpcxpresso_6.1.4_194/lpcxpresso/tools/bin/../lib/gcc/arm-none-eabi/4.6.2/../../../../arm-none-eabi/lib/armv7-m\libc.a(lib_a-memset.o)
                0x00005170                memset
 .text.printf   0x00005200       0x2c c:/nxp/lpcxpresso_6.1.4_194/lpcxpresso/tools/bin/../lib/gcc/arm-none-eabi/4.6.2/../../../../arm-none-eabi/lib/armv7-m\libc.a(lib_a-printf.o)
                0x00005200                printf
 .text.sprintf  0x0000522c       0x50 c:/nxp/lpcxpresso_6.1.4_194/lpcxpresso/tools/bin/../lib/gcc/arm-none-eabi/4.6.2/../../../../arm-none-eabi/lib/armv7-m\libc.a(lib_a-sprintf.o)
                0x0000522c                sprintf
 .text.strlen   0x0000527c       0x60 c:/nxp/lpcxpresso_6.1.4_194/lpcxpresso/tools/bin/../lib/gcc/arm-none-eabi/4.6.2/../../../../arm-none-eabi/lib/armv7-m\libc.a(lib_a-strlen.o)
                0x0000527c                strlen
 .text._svfprintf_r
                0x000052dc     0x1408 c:/nxp/lpcxpresso_6.1.4_194/lpcxpresso/tools/bin/../lib/gcc/arm-none-eabi/4.6.2/../../../../arm-none-eabi/lib/armv7-m\libc.a(lib_a-svfprintf.o)
                0x000052dc                _svfprintf_r
 .text._vfprintf_r
                0x000066e4     0x171c c:/nxp/lpcxpresso_6.1.4_194/lpcxpresso/tools/bin/../lib/gcc/arm-none-eabi/4.6.2/../../../../arm-none-eabi/lib/armv7-m\libc.a(lib_a-vfprintf.o)
                0x000066e4                _vfprintf_r
 .text.__swsetup_r
                0x00007e00       0xb8 c:/nxp/lpcxpresso_6.1.4_194/lpcxpresso/tools/bin/../lib/gcc/arm-none-eabi/4.6.2/../../../../arm-none-eabi/lib/armv7-m\libc.a(lib_a-wsetup.o)
                0x00007e00                __swsetup_r
 .text.quorem   0x00007eb8      0x150 c:/nxp/lpcxpresso_6.1.4_194/lpcxpresso/tools/bin/../lib/gcc/arm-none-eabi/4.6.2/../../../../arm-none-eabi/lib/armv7-m\libc.a(lib_a-dtoa.o)
 .text._dtoa_r  0x00008008      0xe60 c:/nxp/lpcxpresso_6.1.4_194/lpcxpresso/tools/bin/../lib/gcc/arm-none-eabi/4.6.2/../../../../arm-none-eabi/lib/armv7-m\libc.a(lib_a-dtoa.o)
                0x00008008                _dtoa_r
 .text._fflush_r
                0x00008e68      0x16c c:/nxp/lpcxpresso_6.1.4_194/lpcxpresso/tools/bin/../lib/gcc/arm-none-eabi/4.6.2/../../../../arm-none-eabi/lib/armv7-m\libc.a(lib_a-fflush.o)
                0x00008e68                _fflush_r
 .text._cleanup_r
                0x00008fd4        0xc c:/nxp/lpcxpresso_6.1.4_194/lpcxpresso/tools/bin/../lib/gcc/arm-none-eabi/4.6.2/../../../../arm-none-eabi/lib/armv7-m\libc.a(lib_a-findfp.o)
                0x00008fd4                _cleanup_r
 .text.std.isra.0
                0x00008fe0       0x50 c:/nxp/lpcxpresso_6.1.4_194/lpcxpresso/tools/bin/../lib/gcc/arm-none-eabi/4.6.2/../../../../arm-none-eabi/lib/armv7-m\libc.a(lib_a-findfp.o)
 .text.__sinit  0x00009030       0x4c c:/nxp/lpcxpresso_6.1.4_194/lpcxpresso/tools/bin/../lib/gcc/arm-none-eabi/4.6.2/../../../../arm-none-eabi/lib/armv7-m\libc.a(lib_a-findfp.o)
                0x00009030                __sinit
 .text.__sfp_lock_acquire
                0x0000907c        0x4 c:/nxp/lpcxpresso_6.1.4_194/lpcxpresso/tools/bin/../lib/gcc/arm-none-eabi/4.6.2/../../../../arm-none-eabi/lib/armv7-m\libc.a(lib_a-findfp.o)
                0x0000907c                __sfp_lock_acquire
 .text.__sfp_lock_release
                0x00009080        0x4 c:/nxp/lpcxpresso_6.1.4_194/lpcxpresso/tools/bin/../lib/gcc/arm-none-eabi/4.6.2/../../../../arm-none-eabi/lib/armv7-m\libc.a(lib_a-findfp.o)
                0x00009080                __sfp_lock_release
 .text._malloc_trim_r
                0x00009084       0xa0 c:/nxp/lpcxpresso_6.1.4_194/lpcxpresso/tools/bin/../lib/gcc/arm-none-eabi/4.6.2/../../../../arm-none-eabi/lib/armv7-m\libc.a(lib_a-freer.o)
                0x00009084                _malloc_trim_r
 .text._free_r  0x00009124      0x190 c:/nxp/lpcxpresso_6.1.4_194/lpcxpresso/tools/bin/../lib/gcc/arm-none-eabi/4.6.2/../../../../arm-none-eabi/lib/armv7-m\libc.a(lib_a-freer.o)
                0x00009124                _free_r
 .text._fwalk   0x000092b4       0x54 c:/nxp/lpcxpresso_6.1.4_194/lpcxpresso/tools/bin/../lib/gcc/arm-none-eabi/4.6.2/../../../../arm-none-eabi/lib/armv7-m\libc.a(lib_a-fwalk.o)
                0x000092b4                _fwalk
 .text.__locale_charset
                0x00009308        0xc c:/nxp/lpcxpresso_6.1.4_194/lpcxpresso/tools/bin/../lib/gcc/arm-none-eabi/4.6.2/../../../../arm-none-eabi/lib/armv7-m\libc.a(lib_a-locale.o)
                0x00009308                __locale_charset
 .text.__locale_mb_cur_max
                0x00009314        0xc c:/nxp/lpcxpresso_6.1.4_194/lpcxpresso/tools/bin/../lib/gcc/arm-none-eabi/4.6.2/../../../../arm-none-eabi/lib/armv7-m\libc.a(lib_a-locale.o)
                0x00009314                __locale_mb_cur_max
 .text._localeconv_r
                0x00009320        0xc c:/nxp/lpcxpresso_6.1.4_194/lpcxpresso/tools/bin/../lib/gcc/arm-none-eabi/4.6.2/../../../../arm-none-eabi/lib/armv7-m\libc.a(lib_a-locale.o)
                0x00009320                _localeconv_r
 .text.__smakebuf_r
                0x0000932c       0xe0 c:/nxp/lpcxpresso_6.1.4_194/lpcxpresso/tools/bin/../lib/gcc/arm-none-eabi/4.6.2/../../../../arm-none-eabi/lib/armv7-m\libc.a(lib_a-makebuf.o)
                0x0000932c                __smakebuf_r
 .text._malloc_r
                0x0000940c      0x528 c:/nxp/lpcxpresso_6.1.4_194/lpcxpresso/tools/bin/../lib/gcc/arm-none-eabi/4.6.2/../../../../arm-none-eabi/lib/armv7-m\libc.a(lib_a-mallocr.o)
                0x0000940c                _malloc_r
 .text.memchr   0x00009934       0x84 c:/nxp/lpcxpresso_6.1.4_194/lpcxpresso/tools/bin/../lib/gcc/arm-none-eabi/4.6.2/../../../../arm-none-eabi/lib/armv7-m\libc.a(lib_a-memchr.o)
                0x00009934                memchr
 .text.memcpy   0x000099b8       0x84 c:/nxp/lpcxpresso_6.1.4_194/lpcxpresso/tools/bin/../lib/gcc/arm-none-eabi/4.6.2/../../../../arm-none-eabi/lib/armv7-m\libc.a(lib_a-memcpy.o)
                0x000099b8                memcpy
 .text.__malloc_lock
                0x00009a3c        0x4 c:/nxp/lpcxpresso_6.1.4_194/lpcxpresso/tools/bin/../lib/gcc/arm-none-eabi/4.6.2/../../../../arm-none-eabi/lib/armv7-m\libc.a(lib_a-mlock.o)
                0x00009a3c                __malloc_lock
 .text.__malloc_unlock
                0x00009a40        0x4 c:/nxp/lpcxpresso_6.1.4_194/lpcxpresso/tools/bin/../lib/gcc/arm-none-eabi/4.6.2/../../../../arm-none-eabi/lib/armv7-m\libc.a(lib_a-mlock.o)
                0x00009a40                __malloc_unlock
 .text._Balloc  0x00009a44       0x4c c:/nxp/lpcxpresso_6.1.4_194/lpcxpresso/tools/bin/../lib/gcc/arm-none-eabi/4.6.2/../../../../arm-none-eabi/lib/armv7-m\libc.a(lib_a-mprec.o)
                0x00009a44                _Balloc
 .text._Bfree   0x00009a90       0x14 c:/nxp/lpcxpresso_6.1.4_194/lpcxpresso/tools/bin/../lib/gcc/arm-none-eabi/4.6.2/../../../../arm-none-eabi/lib/armv7-m\libc.a(lib_a-mprec.o)
                0x00009a90                _Bfree
 .text.__multadd
                0x00009aa4       0x84 c:/nxp/lpcxpresso_6.1.4_194/lpcxpresso/tools/bin/../lib/gcc/arm-none-eabi/4.6.2/../../../../arm-none-eabi/lib/armv7-m\libc.a(lib_a-mprec.o)
                0x00009aa4                __multadd
 .text.__hi0bits
                0x00009b28       0x3c c:/nxp/lpcxpresso_6.1.4_194/lpcxpresso/tools/bin/../lib/gcc/arm-none-eabi/4.6.2/../../../../arm-none-eabi/lib/armv7-m\libc.a(lib_a-mprec.o)
                0x00009b28                __hi0bits
 .text.__lo0bits
                0x00009b64       0x5c c:/nxp/lpcxpresso_6.1.4_194/lpcxpresso/tools/bin/../lib/gcc/arm-none-eabi/4.6.2/../../../../arm-none-eabi/lib/armv7-m\libc.a(lib_a-mprec.o)
                0x00009b64                __lo0bits
 .text.__i2b    0x00009bc0       0x14 c:/nxp/lpcxpresso_6.1.4_194/lpcxpresso/tools/bin/../lib/gcc/arm-none-eabi/4.6.2/../../../../arm-none-eabi/lib/armv7-m\libc.a(lib_a-mprec.o)
                0x00009bc0                __i2b
 .text.__multiply
                0x00009bd4      0x144 c:/nxp/lpcxpresso_6.1.4_194/lpcxpresso/tools/bin/../lib/gcc/arm-none-eabi/4.6.2/../../../../arm-none-eabi/lib/armv7-m\libc.a(lib_a-mprec.o)
                0x00009bd4                __multiply
 .text.__pow5mult
                0x00009d18       0x98 c:/nxp/lpcxpresso_6.1.4_194/lpcxpresso/tools/bin/../lib/gcc/arm-none-eabi/4.6.2/../../../../arm-none-eabi/lib/armv7-m\libc.a(lib_a-mprec.o)
                0x00009d18                __pow5mult
 .text.__lshift
                0x00009db0       0xc0 c:/nxp/lpcxpresso_6.1.4_194/lpcxpresso/tools/bin/../lib/gcc/arm-none-eabi/4.6.2/../../../../arm-none-eabi/lib/armv7-m\libc.a(lib_a-mprec.o)
                0x00009db0                __lshift
 .text.__mcmp   0x00009e70       0x3c c:/nxp/lpcxpresso_6.1.4_194/lpcxpresso/tools/bin/../lib/gcc/arm-none-eabi/4.6.2/../../../../arm-none-eabi/lib/armv7-m\libc.a(lib_a-mprec.o)
                0x00009e70                __mcmp
 .text.__mdiff  0x00009eac       0xd8 c:/nxp/lpcxpresso_6.1.4_194/lpcxpresso/tools/bin/../lib/gcc/arm-none-eabi/4.6.2/../../../../arm-none-eabi/lib/armv7-m\libc.a(lib_a-mprec.o)
                0x00009eac                __mdiff
 .text.__d2b    0x00009f84       0xcc c:/nxp/lpcxpresso_6.1.4_194/lpcxpresso/tools/bin/../lib/gcc/arm-none-eabi/4.6.2/../../../../arm-none-eabi/lib/armv7-m\libc.a(lib_a-mprec.o)
                0x00009f84                __d2b
 .text.__fpclassifyd
                0x0000a050       0x68 c:/nxp/lpcxpresso_6.1.4_194/lpcxpresso/tools/bin/../lib/gcc/arm-none-eabi/4.6.2/../../../../arm-none-eabi/lib/armv7-m\libc.a(lib_a-s_fpclassify.o)
                0x0000a050                __fpclassifyd
 .text._sbrk_r  0x0000a0b8       0x24 c:/nxp/lpcxpresso_6.1.4_194/lpcxpresso/tools/bin/../lib/gcc/arm-none-eabi/4.6.2/../../../../arm-none-eabi/lib/armv7-m\libc.a(lib_a-sbrkr.o)
                0x0000a0b8                _sbrk_r
 .text.__sread  0x0000a0dc       0x24 c:/nxp/lpcxpresso_6.1.4_194/lpcxpresso/tools/bin/../lib/gcc/arm-none-eabi/4.6.2/../../../../arm-none-eabi/lib/armv7-m\libc.a(lib_a-stdio.o)
                0x0000a0dc                __sread
 .text.__swrite
                0x0000a100       0x40 c:/nxp/lpcxpresso_6.1.4_194/lpcxpresso/tools/bin/../lib/gcc/arm-none-eabi/4.6.2/../../../../arm-none-eabi/lib/armv7-m\libc.a(lib_a-stdio.o)
                0x0000a100                __swrite
 .text.__sseek  0x0000a140       0x24 c:/nxp/lpcxpresso_6.1.4_194/lpcxpresso/tools/bin/../lib/gcc/arm-none-eabi/4.6.2/../../../../arm-none-eabi/lib/armv7-m\libc.a(lib_a-stdio.o)
                0x0000a140                __sseek
 .text.__sclose
                0x0000a164        0x8 c:/nxp/lpcxpresso_6.1.4_194/lpcxpresso/tools/bin/../lib/gcc/arm-none-eabi/4.6.2/../../../../arm-none-eabi/lib/armv7-m\libc.a(lib_a-stdio.o)
                0x0000a164                __sclose
 .text.__ssprint_r
                0x0000a16c       0xf8 c:/nxp/lpcxpresso_6.1.4_194/lpcxpresso/tools/bin/../lib/gcc/arm-none-eabi/4.6.2/../../../../arm-none-eabi/lib/armv7-m\libc.a(lib_a-svfiprintf.o)
                0x0000a16c                __ssprint_r
 .text.__sprint_r
                0x0000a264       0x80 c:/nxp/lpcxpresso_6.1.4_194/lpcxpresso/tools/bin/../lib/gcc/arm-none-eabi/4.6.2/../../../../arm-none-eabi/lib/armv7-m\libc.a(lib_a-vfiprintf.o)
                0x0000a264                __sprint_r
 .text._write_r
                0x0000a2e4       0x28 c:/nxp/lpcxpresso_6.1.4_194/lpcxpresso/tools/bin/../lib/gcc/arm-none-eabi/4.6.2/../../../../arm-none-eabi/lib/armv7-m\libc.a(lib_a-writer.o)
                0x0000a2e4                _write_r
 .text._calloc_r
                0x0000a30c       0x60 c:/nxp/lpcxpresso_6.1.4_194/lpcxpresso/tools/bin/../lib/gcc/arm-none-eabi/4.6.2/../../../../arm-none-eabi/lib/armv7-m\libc.a(lib_a-callocr.o)
                0x0000a30c                _calloc_r
 .text._close_r
                0x0000a36c       0x24 c:/nxp/lpcxpresso_6.1.4_194/lpcxpresso/tools/bin/../lib/gcc/arm-none-eabi/4.6.2/../../../../arm-none-eabi/lib/armv7-m\libc.a(lib_a-closer.o)
                0x0000a36c                _close_r
 .text._fclose_r
                0x0000a390       0x90 c:/nxp/lpcxpresso_6.1.4_194/lpcxpresso/tools/bin/../lib/gcc/arm-none-eabi/4.6.2/../../../../arm-none-eabi/lib/armv7-m\libc.a(lib_a-fclose.o)
                0x0000a390                _fclose_r
 .text.fclose   0x0000a420       0x14 c:/nxp/lpcxpresso_6.1.4_194/lpcxpresso/tools/bin/../lib/gcc/arm-none-eabi/4.6.2/../../../../arm-none-eabi/lib/armv7-m\libc.a(lib_a-fclose.o)
                0x0000a420                fclose
 .text._fputwc_r
                0x0000a434       0xd0 c:/nxp/lpcxpresso_6.1.4_194/lpcxpresso/tools/bin/../lib/gcc/arm-none-eabi/4.6.2/../../../../arm-none-eabi/lib/armv7-m\libc.a(lib_a-fputwc.o)
                0x0000a434                _fputwc_r
 .text._fstat_r
                0x0000a504       0x28 c:/nxp/lpcxpresso_6.1.4_194/lpcxpresso/tools/bin/../lib/gcc/arm-none-eabi/4.6.2/../../../../arm-none-eabi/lib/armv7-m\libc.a(lib_a-fstatr.o)
                0x0000a504                _fstat_r
 .text.__sfvwrite_r
                0x0000a52c      0x2e8 c:/nxp/lpcxpresso_6.1.4_194/lpcxpresso/tools/bin/../lib/gcc/arm-none-eabi/4.6.2/../../../../arm-none-eabi/lib/armv7-m\libc.a(lib_a-fvwrite.o)
                0x0000a52c                __sfvwrite_r
 .text._isatty_r
                0x0000a814       0x24 c:/nxp/lpcxpresso_6.1.4_194/lpcxpresso/tools/bin/../lib/gcc/arm-none-eabi/4.6.2/../../../../arm-none-eabi/lib/armv7-m\libc.a(lib_a-isattyr.o)
                0x0000a814                _isatty_r
 .text._lseek_r
                0x0000a838       0x28 c:/nxp/lpcxpresso_6.1.4_194/lpcxpresso/tools/bin/../lib/gcc/arm-none-eabi/4.6.2/../../../../arm-none-eabi/lib/armv7-m\libc.a(lib_a-lseekr.o)
                0x0000a838                _lseek_r
 .text.memmove  0x0000a860       0xb0 c:/nxp/lpcxpresso_6.1.4_194/lpcxpresso/tools/bin/../lib/gcc/arm-none-eabi/4.6.2/../../../../arm-none-eabi/lib/armv7-m\libc.a(lib_a-memmove.o)
                0x0000a860                memmove
 .text._read_r  0x0000a910       0x28 c:/nxp/lpcxpresso_6.1.4_194/lpcxpresso/tools/bin/../lib/gcc/arm-none-eabi/4.6.2/../../../../arm-none-eabi/lib/armv7-m\libc.a(lib_a-readr.o)
                0x0000a910                _read_r
 .text._realloc_r
                0x0000a938      0x3f4 c:/nxp/lpcxpresso_6.1.4_194/lpcxpresso/tools/bin/../lib/gcc/arm-none-eabi/4.6.2/../../../../arm-none-eabi/lib/armv7-m\libc.a(lib_a-reallocr.o)
                0x0000a938                _realloc_r
 .text.__swbuf_r
                0x0000ad2c       0xc0 c:/nxp/lpcxpresso_6.1.4_194/lpcxpresso/tools/bin/../lib/gcc/arm-none-eabi/4.6.2/../../../../arm-none-eabi/lib/armv7-m\libc.a(lib_a-wbuf.o)
                0x0000ad2c                __swbuf_r
 .text._wcrtomb_r
                0x0000adec       0x4c c:/nxp/lpcxpresso_6.1.4_194/lpcxpresso/tools/bin/../lib/gcc/arm-none-eabi/4.6.2/../../../../arm-none-eabi/lib/armv7-m\libc.a(lib_a-wcrtomb.o)
                0x0000adec                _wcrtomb_r
 .text.__ascii_wctomb
                0x0000ae38       0x1c c:/nxp/lpcxpresso_6.1.4_194/lpcxpresso/tools/bin/../lib/gcc/arm-none-eabi/4.6.2/../../../../arm-none-eabi/lib/armv7-m\libc.a(lib_a-wctomb_r.o)
                0x0000ae38                __ascii_wctomb
 .text._sbrk    0x0000ae54       0x3c c:/nxp/lpcxpresso_6.1.4_194/lpcxpresso/tools/bin/../lib/gcc/arm-none-eabi/4.6.2/../../../../arm-none-eabi/lib/armv7-m\libcr_newlib_semihost.a(_cr_sbrk.o)
                0x0000ae54                _sbrk
 .text.do_AngelSWI
                0x0000ae90       0x12 c:/nxp/lpcxpresso_6.1.4_194/lpcxpresso/tools/bin/../lib/gcc/arm-none-eabi/4.6.2/../../../../arm-none-eabi/lib/armv7-m\libcr_newlib_semihost.a(syscalls.o)
 *fill*         0x0000aea2        0x2 00
 .text.initialise_monitor_handles
                0x0000aea4       0x9c c:/nxp/lpcxpresso_6.1.4_194/lpcxpresso/tools/bin/../lib/gcc/arm-none-eabi/4.6.2/../../../../arm-none-eabi/lib/armv7-m\libcr_newlib_semihost.a(syscalls.o)
 .text.findslot
                0x0000af40       0x2c c:/nxp/lpcxpresso_6.1.4_194/lpcxpresso/tools/bin/../lib/gcc/arm-none-eabi/4.6.2/../../../../arm-none-eabi/lib/armv7-m\libcr_newlib_semihost.a(syscalls.o)
 .text.error    0x0000af6c       0x18 c:/nxp/lpcxpresso_6.1.4_194/lpcxpresso/tools/bin/../lib/gcc/arm-none-eabi/4.6.2/../../../../arm-none-eabi/lib/armv7-m\libcr_newlib_semihost.a(syscalls.o)
 .text.checkerror
                0x0000af84        0xc c:/nxp/lpcxpresso_6.1.4_194/lpcxpresso/tools/bin/../lib/gcc/arm-none-eabi/4.6.2/../../../../arm-none-eabi/lib/armv7-m\libcr_newlib_semihost.a(syscalls.o)
 .text._swiread
                0x0000af90       0x18 c:/nxp/lpcxpresso_6.1.4_194/lpcxpresso/tools/bin/../lib/gcc/arm-none-eabi/4.6.2/../../../../arm-none-eabi/lib/armv7-m\libcr_newlib_semihost.a(syscalls.o)
                0x0000af90                _swiread
 .text._read    0x0000afa8       0x36 c:/nxp/lpcxpresso_6.1.4_194/lpcxpresso/tools/bin/../lib/gcc/arm-none-eabi/4.6.2/../../../../arm-none-eabi/lib/armv7-m\libcr_newlib_semihost.a(syscalls.o)
                0x0000afa8                _read
 .text._swilseek
                0x0000afde       0x76 c:/nxp/lpcxpresso_6.1.4_194/lpcxpresso/tools/bin/../lib/gcc/arm-none-eabi/4.6.2/../../../../arm-none-eabi/lib/armv7-m\libcr_newlib_semihost.a(syscalls.o)
                0x0000afde                _swilseek
 .text._lseek   0x0000b054        0x4 c:/nxp/lpcxpresso_6.1.4_194/lpcxpresso/tools/bin/../lib/gcc/arm-none-eabi/4.6.2/../../../../arm-none-eabi/lib/armv7-m\libcr_newlib_semihost.a(syscalls.o)
                0x0000b054                _lseek
 .text._swiwrite
                0x0000b058       0x18 c:/nxp/lpcxpresso_6.1.4_194/lpcxpresso/tools/bin/../lib/gcc/arm-none-eabi/4.6.2/../../../../arm-none-eabi/lib/armv7-m\libcr_newlib_semihost.a(syscalls.o)
                0x0000b058                _swiwrite
 .text._write   0x0000b070       0x46 c:/nxp/lpcxpresso_6.1.4_194/lpcxpresso/tools/bin/../lib/gcc/arm-none-eabi/4.6.2/../../../../arm-none-eabi/lib/armv7-m\libcr_newlib_semihost.a(syscalls.o)
                0x0000b070                _write
 .text._swiclose
                0x0000b0b6       0x14 c:/nxp/lpcxpresso_6.1.4_194/lpcxpresso/tools/bin/../lib/gcc/arm-none-eabi/4.6.2/../../../../arm-none-eabi/lib/armv7-m\libcr_newlib_semihost.a(syscalls.o)
                0x0000b0b6                _swiclose
 *fill*         0x0000b0ca        0x2 00
 .text._close   0x0000b0cc       0x48 c:/nxp/lpcxpresso_6.1.4_194/lpcxpresso/tools/bin/../lib/gcc/arm-none-eabi/4.6.2/../../../../arm-none-eabi/lib/armv7-m\libcr_newlib_semihost.a(syscalls.o)
                0x0000b0cc                _close
 .text._swistat
                0x0000b114       0x3e c:/nxp/lpcxpresso_6.1.4_194/lpcxpresso/tools/bin/../lib/gcc/arm-none-eabi/4.6.2/../../../../arm-none-eabi/lib/armv7-m\libcr_newlib_semihost.a(syscalls.o)
                0x0000b114                _swistat
 .text._fstat   0x0000b152       0x1c c:/nxp/lpcxpresso_6.1.4_194/lpcxpresso/tools/bin/../lib/gcc/arm-none-eabi/4.6.2/../../../../arm-none-eabi/lib/armv7-m\libcr_newlib_semihost.a(syscalls.o)
                0x0000b152                _fstat
 .text._isatty  0x0000b16e       0x26 c:/nxp/lpcxpresso_6.1.4_194/lpcxpresso/tools/bin/../lib/gcc/arm-none-eabi/4.6.2/../../../../arm-none-eabi/lib/armv7-m\libcr_newlib_semihost.a(syscalls.o)
                0x0000b16e                _isatty
 .text.__check_heap_overflow
                0x0000b194       0x2c c:/nxp/lpcxpresso_6.1.4_194/lpcxpresso/tools/bin/../lib/gcc/arm-none-eabi/4.6.2/../../../../arm-none-eabi/lib/armv7-m\libcr_newlib_semihost.a(_cr_check_heap.o)
                0x0000b194                __check_heap_overflow
 .text          0x0000b1c0      0x370 c:/nxp/lpcxpresso_6.1.4_194/lpcxpresso/tools/bin/../lib/gcc/arm-none-eabi/4.6.2/armv7-m\libgcc.a(_arm_addsubdf3.o)
                0x0000b1c0                __aeabi_drsub
                0x0000b1c8                __aeabi_dsub
                0x0000b1c8                __subdf3
                0x0000b1cc                __aeabi_dadd
                0x0000b1cc                __adddf3
                0x0000b444                __floatunsidf
                0x0000b444                __aeabi_ui2d
                0x0000b464                __floatsidf
                0x0000b464                __aeabi_i2d
                0x0000b488                __aeabi_f2d
                0x0000b488                __extendsfdf2
                0x0000b4c4                __floatundidf
                0x0000b4c4                __aeabi_ul2d
                0x0000b4d4                __floatdidf
                0x0000b4d4                __aeabi_l2d
 .text          0x0000b530      0x424 c:/nxp/lpcxpresso_6.1.4_194/lpcxpresso/tools/bin/../lib/gcc/arm-none-eabi/4.6.2/armv7-m\libgcc.a(_arm_muldivdf3.o)
                0x0000b530                __aeabi_dmul
                0x0000b530                __muldf3
                0x0000b784                __divdf3
                0x0000b784                __aeabi_ddiv
 .text          0x0000b954      0x110 c:/nxp/lpcxpresso_6.1.4_194/lpcxpresso/tools/bin/../lib/gcc/arm-none-eabi/4.6.2/armv7-m\libgcc.a(_arm_cmpdf2.o)
                0x0000b954                __gtdf2
                0x0000b954                __gedf2
                0x0000b95c                __ltdf2
                0x0000b95c                __ledf2
                0x0000b964                __nedf2
                0x0000b964                __eqdf2
                0x0000b964                __cmpdf2
                0x0000b9e0                __aeabi_cdrcmple
                0x0000b9f0                __aeabi_cdcmpeq
                0x0000b9f0                __aeabi_cdcmple
                0x0000ba00                __aeabi_dcmpeq
                0x0000ba14                __aeabi_dcmplt
                0x0000ba28                __aeabi_dcmple
                0x0000ba3c                __aeabi_dcmpge
                0x0000ba50                __aeabi_dcmpgt
 .text          0x0000ba64       0x50 c:/nxp/lpcxpresso_6.1.4_194/lpcxpresso/tools/bin/../lib/gcc/arm-none-eabi/4.6.2/armv7-m\libgcc.a(_arm_fixdfsi.o)
                0x0000ba64                __aeabi_d2iz
                0x0000ba64                __fixdfsi
 .text.__errno  0x0000bab4        0xc c:/nxp/lpcxpresso_6.1.4_194/lpcxpresso/tools/bin/../lib/gcc/arm-none-eabi/4.6.2/../../../../arm-none-eabi/lib/armv7-m\libc.a(lib_a-errno.o)
                0x0000bab4                __errno
 *(.rodata .rodata.* .constdata .constdata.*)
 .rodata        0x0000bac0       0x9c ./src/main.o
 .rodata        0x0000bb5c        0x8 C:\Users\kazes\OneDrive - National University of Singapore\Modules\EE2024\Assignments\Workspace\Lib_EaBaseBoard\Debug\libLib_EaBaseBoard.a(oled.o)
 .rodata        0x0000bb64      0x300 C:\Users\kazes\OneDrive - National University of Singapore\Modules\EE2024\Assignments\Workspace\Lib_EaBaseBoard\Debug\libLib_EaBaseBoard.a(font5x7.o)
                0x0000bb64                font5x7
 .rodata        0x0000be64       0x18 C:\Users\kazes\OneDrive - National University of Singapore\Modules\EE2024\Assignments\Workspace\Lib_MCU\Debug\libLib_MCU.a(lpc17xx_i2c.o)
 .rodata        0x0000be7c       0x18 C:\Users\kazes\OneDrive - National University of Singapore\Modules\EE2024\Assignments\Workspace\Lib_MCU\Debug\libLib_MCU.a(lpc17xx_ssp.o)
 .rodata        0x0000be94       0x18 C:\Users\kazes\OneDrive - National University of Singapore\Modules\EE2024\Assignments\Workspace\Lib_MCU\Debug\libLib_MCU.a(lpc17xx_timer.o)
 .rodata        0x0000beac       0x18 C:\Users\kazes\OneDrive - National University of Singapore\Modules\EE2024\Assignments\Workspace\Lib_MCU\Debug\libLib_MCU.a(lpc17xx_uart.o)
 .rodata.zeroes.6590
                0x0000bec4       0x10 c:/nxp/lpcxpresso_6.1.4_194/lpcxpresso/tools/bin/../lib/gcc/arm-none-eabi/4.6.2/../../../../arm-none-eabi/lib/armv7-m\libc.a(lib_a-svfprintf.o)
 .rodata.str1.4
                0x0000bed4       0x42 c:/nxp/lpcxpresso_6.1.4_194/lpcxpresso/tools/bin/../lib/gcc/arm-none-eabi/4.6.2/../../../../arm-none-eabi/lib/armv7-m\libc.a(lib_a-svfprintf.o)
                                 0x44 (size before relaxing)
 *fill*         0x0000bf16        0x2 00
 .rodata.blanks.6589
                0x0000bf18       0x10 c:/nxp/lpcxpresso_6.1.4_194/lpcxpresso/tools/bin/../lib/gcc/arm-none-eabi/4.6.2/../../../../arm-none-eabi/lib/armv7-m\libc.a(lib_a-svfprintf.o)
 .rodata.zeroes.6605
                0x0000bf28       0x10 c:/nxp/lpcxpresso_6.1.4_194/lpcxpresso/tools/bin/../lib/gcc/arm-none-eabi/4.6.2/../../../../arm-none-eabi/lib/armv7-m\libc.a(lib_a-vfprintf.o)
 .rodata.str1.4
                0x00000000       0x44 c:/nxp/lpcxpresso_6.1.4_194/lpcxpresso/tools/bin/../lib/gcc/arm-none-eabi/4.6.2/../../../../arm-none-eabi/lib/armv7-m\libc.a(lib_a-vfprintf.o)
 .rodata.blanks.6604
                0x0000bf38       0x10 c:/nxp/lpcxpresso_6.1.4_194/lpcxpresso/tools/bin/../lib/gcc/arm-none-eabi/4.6.2/../../../../arm-none-eabi/lib/armv7-m\libc.a(lib_a-vfprintf.o)
 .rodata.str1.4
                0x0000bf48       0x10 c:/nxp/lpcxpresso_6.1.4_194/lpcxpresso/tools/bin/../lib/gcc/arm-none-eabi/4.6.2/../../../../arm-none-eabi/lib/armv7-m\libc.a(lib_a-dtoa.o)
                                 0x14 (size before relaxing)
 .rodata.str1.4
                0x0000bf58        0x2 c:/nxp/lpcxpresso_6.1.4_194/lpcxpresso/tools/bin/../lib/gcc/arm-none-eabi/4.6.2/../../../../arm-none-eabi/lib/armv7-m\libc.a(lib_a-impure.o)
                                  0x4 (size before relaxing)
 *fill*         0x0000bf5a        0x2 00
 .rodata.str1.4
                0x0000bf5c        0xc c:/nxp/lpcxpresso_6.1.4_194/lpcxpresso/tools/bin/../lib/gcc/arm-none-eabi/4.6.2/../../../../arm-none-eabi/lib/armv7-m\libc.a(lib_a-locale.o)
                                 0x14 (size before relaxing)
 .rodata.__mprec_tens
                0x0000bf68       0xc8 c:/nxp/lpcxpresso_6.1.4_194/lpcxpresso/tools/bin/../lib/gcc/arm-none-eabi/4.6.2/../../../../arm-none-eabi/lib/armv7-m\libc.a(lib_a-mprec.o)
                0x0000bf68                __mprec_tens
 .rodata.__mprec_bigtens
                0x0000c030       0x28 c:/nxp/lpcxpresso_6.1.4_194/lpcxpresso/tools/bin/../lib/gcc/arm-none-eabi/4.6.2/../../../../arm-none-eabi/lib/armv7-m\libc.a(lib_a-mprec.o)
                0x0000c030                __mprec_bigtens
 .rodata.p05.5111
                0x0000c058        0xc c:/nxp/lpcxpresso_6.1.4_194/lpcxpresso/tools/bin/../lib/gcc/arm-none-eabi/4.6.2/../../../../arm-none-eabi/lib/armv7-m\libc.a(lib_a-mprec.o)
 .rodata.str1.1
                0x0000c064        0x4 c:/nxp/lpcxpresso_6.1.4_194/lpcxpresso/tools/bin/../lib/gcc/arm-none-eabi/4.6.2/../../../../arm-none-eabi/lib/armv7-m\libcr_newlib_semihost.a(syscalls.o)
                0x0000c068                . = ALIGN (0x4)

.glue_7         0x0000c068        0x0
 .glue_7        0x00000000        0x0 linker stubs

.glue_7t        0x0000c068        0x0
 .glue_7t       0x00000000        0x0 linker stubs

.vfp11_veneer   0x0000c068        0x0
 .vfp11_veneer  0x00000000        0x0 linker stubs

.v4_bx          0x0000c068        0x0
 .v4_bx         0x00000000        0x0 linker stubs

.ARM.extab
 *(.ARM.extab* .gnu.linkonce.armextab.*)
                0x0000c068                __exidx_start = .

.ARM.exidx      0x0000c068        0x8
 *(.ARM.exidx* .gnu.linkonce.armexidx.*)
 .ARM.exidx     0x0000c068        0x8 c:/nxp/lpcxpresso_6.1.4_194/lpcxpresso/tools/bin/../lib/gcc/arm-none-eabi/4.6.2/armv7-m\libgcc.a(_divdi3.o)
 .ARM.exidx     0x0000c070        0x0 c:/nxp/lpcxpresso_6.1.4_194/lpcxpresso/tools/bin/../lib/gcc/arm-none-eabi/4.6.2/armv7-m\libgcc.a(_udivdi3.o)
                                  0x8 (size before relaxing)
                0x0000c070                __exidx_end = .
                0x0000c070                _etext = .

.data_RAM2      0x2007c000        0x0 load address 0x0000c070
 FILL mask 0xff
 *(.data.$RAM2*)
 *(.data.$RamAHB32*)
                0x2007c000                . = ALIGN (0x4)

.uninit_RESERVED
                0x10000000        0x0
 *(.bss.$RESERVED*)
                0x10000000                . = ALIGN (0x4)
                0x10000000                _end_uninit_RESERVED = .

.data           0x10000000      0x934 load address 0x0000c070
 FILL mask 0xff
                0x10000000                _data = .
 *(vtable)
 *(.data*)
 .data          0x10000000       0x3c ./src/main.o
 .data          0x1000003c        0x4 C:\Users\kazes\OneDrive - National University of Singapore\Modules\EE2024\Assignments\Workspace\Lib_CMSISv1p30_LPC17xx\Debug\libCMSISv1p30_LPC17xx.a(system_LPC17xx.o)
                0x1000003c                SystemCoreClock
 .data          0x10000040       0x50 C:\Users\kazes\OneDrive - National University of Singapore\Modules\EE2024\Assignments\Workspace\Lib_EaBaseBoard\Debug\libLib_EaBaseBoard.a(led7seg.o)
 .data          0x10000090        0x8 C:\Users\kazes\OneDrive - National University of Singapore\Modules\EE2024\Assignments\Workspace\Lib_EaBaseBoard\Debug\libLib_EaBaseBoard.a(light.o)
 .data.impure_data
                0x10000098      0x428 c:/nxp/lpcxpresso_6.1.4_194/lpcxpresso/tools/bin/../lib/gcc/arm-none-eabi/4.6.2/../../../../arm-none-eabi/lib/armv7-m\libc.a(lib_a-impure.o)
 .data._impure_ptr
                0x100004c0        0x4 c:/nxp/lpcxpresso_6.1.4_194/lpcxpresso/tools/bin/../lib/gcc/arm-none-eabi/4.6.2/../../../../arm-none-eabi/lib/armv7-m\libc.a(lib_a-impure.o)
                0x100004c0                _impure_ptr
 .data.lconv    0x100004c4       0x38 c:/nxp/lpcxpresso_6.1.4_194/lpcxpresso/tools/bin/../lib/gcc/arm-none-eabi/4.6.2/../../../../arm-none-eabi/lib/armv7-m\libc.a(lib_a-locale.o)
 .data.lc_ctype_charset
                0x100004fc       0x20 c:/nxp/lpcxpresso_6.1.4_194/lpcxpresso/tools/bin/../lib/gcc/arm-none-eabi/4.6.2/../../../../arm-none-eabi/lib/armv7-m\libc.a(lib_a-locale.o)
 .data.__mb_cur_max
                0x1000051c        0x4 c:/nxp/lpcxpresso_6.1.4_194/lpcxpresso/tools/bin/../lib/gcc/arm-none-eabi/4.6.2/../../../../arm-none-eabi/lib/armv7-m\libc.a(lib_a-locale.o)
                0x1000051c                __mb_cur_max
 .data.__malloc_av_
                0x10000520      0x408 c:/nxp/lpcxpresso_6.1.4_194/lpcxpresso/tools/bin/../lib/gcc/arm-none-eabi/4.6.2/../../../../arm-none-eabi/lib/armv7-m\libc.a(lib_a-mallocr.o)
                0x10000520                __malloc_av_
 .data.__malloc_trim_threshold
                0x10000928        0x4 c:/nxp/lpcxpresso_6.1.4_194/lpcxpresso/tools/bin/../lib/gcc/arm-none-eabi/4.6.2/../../../../arm-none-eabi/lib/armv7-m\libc.a(lib_a-mallocr.o)
                0x10000928                __malloc_trim_threshold
 .data.__malloc_sbrk_base
                0x1000092c        0x4 c:/nxp/lpcxpresso_6.1.4_194/lpcxpresso/tools/bin/../lib/gcc/arm-none-eabi/4.6.2/../../../../arm-none-eabi/lib/armv7-m\libc.a(lib_a-mallocr.o)
                0x1000092c                __malloc_sbrk_base
 .data.__wctomb
                0x10000930        0x4 c:/nxp/lpcxpresso_6.1.4_194/lpcxpresso/tools/bin/../lib/gcc/arm-none-eabi/4.6.2/../../../../arm-none-eabi/lib/armv7-m\libc.a(lib_a-wctomb_r.o)
                0x10000930                __wctomb
                0x10000934                . = ALIGN (0x4)
                0x10000934                _edata = .

.bss_RAM2       0x2007c000        0x0
 *(.bss.$RAM2*)
 *(.bss.$RamAHB32*)
                0x2007c000                . = ALIGN (0x4)

.bss            0x10000934      0x3c4
                0x10000934                _bss = .
 *(.bss*)
 .bss           0x10000934       0x10 ./src/main.o
                0x10000934                ticks
 .bss           0x10000944      0x300 C:\Users\kazes\OneDrive - National University of Singapore\Modules\EE2024\Assignments\Workspace\Lib_EaBaseBoard\Debug\libLib_EaBaseBoard.a(oled.o)
 .bss           0x10000c44        0x4 C:\Users\kazes\OneDrive - National University of Singapore\Modules\EE2024\Assignments\Workspace\Lib_EaBaseBoard\Debug\libLib_EaBaseBoard.a(temp.o)
 .bss           0x10000c48       0x24 C:\Users\kazes\OneDrive - National University of Singapore\Modules\EE2024\Assignments\Workspace\Lib_MCU\Debug\libLib_MCU.a(lpc17xx_i2c.o)
 .bss           0x10000c6c       0x18 C:\Users\kazes\OneDrive - National University of Singapore\Modules\EE2024\Assignments\Workspace\Lib_MCU\Debug\libLib_MCU.a(lpc17xx_ssp.o)
 .bss.__malloc_max_total_mem
                0x10000c84        0x4 c:/nxp/lpcxpresso_6.1.4_194/lpcxpresso/tools/bin/../lib/gcc/arm-none-eabi/4.6.2/../../../../arm-none-eabi/lib/armv7-m\libc.a(lib_a-mallocr.o)
                0x10000c84                __malloc_max_total_mem
 .bss.__malloc_max_sbrked_mem
                0x10000c88        0x4 c:/nxp/lpcxpresso_6.1.4_194/lpcxpresso/tools/bin/../lib/gcc/arm-none-eabi/4.6.2/../../../../arm-none-eabi/lib/armv7-m\libc.a(lib_a-mallocr.o)
                0x10000c88                __malloc_max_sbrked_mem
 .bss.__malloc_top_pad
                0x10000c8c        0x4 c:/nxp/lpcxpresso_6.1.4_194/lpcxpresso/tools/bin/../lib/gcc/arm-none-eabi/4.6.2/../../../../arm-none-eabi/lib/armv7-m\libc.a(lib_a-mallocr.o)
                0x10000c8c                __malloc_top_pad
 .bss.__malloc_current_mallinfo
                0x10000c90       0x28 c:/nxp/lpcxpresso_6.1.4_194/lpcxpresso/tools/bin/../lib/gcc/arm-none-eabi/4.6.2/../../../../arm-none-eabi/lib/armv7-m\libc.a(lib_a-mallocr.o)
                0x10000c90                __malloc_current_mallinfo
 .bss.monitor_stdout
                0x10000cb8        0x4 c:/nxp/lpcxpresso_6.1.4_194/lpcxpresso/tools/bin/../lib/gcc/arm-none-eabi/4.6.2/../../../../arm-none-eabi/lib/armv7-m\libcr_newlib_semihost.a(syscalls.o)
 .bss.monitor_stdin
                0x10000cbc        0x4 c:/nxp/lpcxpresso_6.1.4_194/lpcxpresso/tools/bin/../lib/gcc/arm-none-eabi/4.6.2/../../../../arm-none-eabi/lib/armv7-m\libcr_newlib_semihost.a(syscalls.o)
 .bss.initialized.2429
                0x10000cc0        0x4 c:/nxp/lpcxpresso_6.1.4_194/lpcxpresso/tools/bin/../lib/gcc/arm-none-eabi/4.6.2/../../../../arm-none-eabi/lib/armv7-m\libcr_newlib_semihost.a(syscalls.o)
 .bss.monitor_stderr
                0x10000cc4        0x4 c:/nxp/lpcxpresso_6.1.4_194/lpcxpresso/tools/bin/../lib/gcc/arm-none-eabi/4.6.2/../../../../arm-none-eabi/lib/armv7-m\libcr_newlib_semihost.a(syscalls.o)
 .bss.openfiles
                0x10000cc8       0x28 c:/nxp/lpcxpresso_6.1.4_194/lpcxpresso/tools/bin/../lib/gcc/arm-none-eabi/4.6.2/../../../../arm-none-eabi/lib/armv7-m\libcr_newlib_semihost.a(syscalls.o)
 *(COMMON)
 COMMON         0x10000cf0        0x4 c:/nxp/lpcxpresso_6.1.4_194/lpcxpresso/tools/bin/../lib/gcc/arm-none-eabi/4.6.2/../../../../arm-none-eabi/lib/armv7-m\libc.a(lib_a-reent.o)
                0x10000cf0                errno
 COMMON         0x10000cf4        0x4 c:/nxp/lpcxpresso_6.1.4_194/lpcxpresso/tools/bin/../lib/gcc/arm-none-eabi/4.6.2/../../../../arm-none-eabi/lib/armv7-m\libcr_newlib_semihost.a(_cr_sbrk.o)
                0x10000cf4                __end_of_heap
                0x10000cf8                . = ALIGN (0x4)
                0x10000cf8                _ebss = .
                0x10000cf8                PROVIDE (end, .)

.noinit_RAM2    0x2007c000        0x0
 *(.noinit.$RAM2*)
 *(.noinit.$RamAHB32*)
                0x2007c000                . = ALIGN (0x4)

.noinit         0x10000cf8        0x0
                0x10000cf8                _noinit = .
 *(.noinit*)
                0x10000cf8                . = ALIGN (0x4)
                0x10000cf8                _end_noinit = .
                0x10000cf8                PROVIDE (_pvHeapStart, .)
                0x10008000                PROVIDE (_vStackTop, (__top_RamLoc32 - 0x0))
OUTPUT(demo1.axf elf32-littlearm)

.debug_info     0x00000000     0x8ff3
 .debug_info    0x00000000      0x209 ./src/cr_startup_lpc17.o
 .debug_info    0x00000209     0x10eb ./src/main.o
 .debug_info    0x000012f4      0x357 C:\Users\kazes\OneDrive - National University of Singapore\Modules\EE2024\Assignments\Workspace\Lib_CMSISv1p30_LPC17xx\Debug\libCMSISv1p30_LPC17xx.a(system_LPC17xx.o)
 .debug_info    0x0000164b      0x53d C:\Users\kazes\OneDrive - National University of Singapore\Modules\EE2024\Assignments\Workspace\Lib_EaBaseBoard\Debug\libLib_EaBaseBoard.a(acc.o)
 .debug_info    0x00001b88      0x10f C:\Users\kazes\OneDrive - National University of Singapore\Modules\EE2024\Assignments\Workspace\Lib_EaBaseBoard\Debug\libLib_EaBaseBoard.a(joystick.o)
 .debug_info    0x00001c97      0x282 C:\Users\kazes\OneDrive - National University of Singapore\Modules\EE2024\Assignments\Workspace\Lib_EaBaseBoard\Debug\libLib_EaBaseBoard.a(led7seg.o)
 .debug_info    0x00001f19      0x763 C:\Users\kazes\OneDrive - National University of Singapore\Modules\EE2024\Assignments\Workspace\Lib_EaBaseBoard\Debug\libLib_EaBaseBoard.a(light.o)
 .debug_info    0x0000267c      0x97d C:\Users\kazes\OneDrive - National University of Singapore\Modules\EE2024\Assignments\Workspace\Lib_EaBaseBoard\Debug\libLib_EaBaseBoard.a(oled.o)
 .debug_info    0x00002ff9      0x642 C:\Users\kazes\OneDrive - National University of Singapore\Modules\EE2024\Assignments\Workspace\Lib_EaBaseBoard\Debug\libLib_EaBaseBoard.a(pca9532.o)
 .debug_info    0x0000363b       0xe4 C:\Users\kazes\OneDrive - National University of Singapore\Modules\EE2024\Assignments\Workspace\Lib_EaBaseBoard\Debug\libLib_EaBaseBoard.a(rgb.o)
 .debug_info    0x0000371f      0x154 C:\Users\kazes\OneDrive - National University of Singapore\Modules\EE2024\Assignments\Workspace\Lib_EaBaseBoard\Debug\libLib_EaBaseBoard.a(temp.o)
 .debug_info    0x00003873       0x65 C:\Users\kazes\OneDrive - National University of Singapore\Modules\EE2024\Assignments\Workspace\Lib_EaBaseBoard\Debug\libLib_EaBaseBoard.a(font5x7.o)
 .debug_info    0x000038d8      0xb95 C:\Users\kazes\OneDrive - National University of Singapore\Modules\EE2024\Assignments\Workspace\Lib_MCU\Debug\libLib_MCU.a(lpc17xx_gpio.o)
 .debug_info    0x0000446d      0xcc3 C:\Users\kazes\OneDrive - National University of Singapore\Modules\EE2024\Assignments\Workspace\Lib_MCU\Debug\libLib_MCU.a(lpc17xx_i2c.o)
 .debug_info    0x00005130      0x4b1 C:\Users\kazes\OneDrive - National University of Singapore\Modules\EE2024\Assignments\Workspace\Lib_MCU\Debug\libLib_MCU.a(lpc17xx_pinsel.o)
 .debug_info    0x000055e1      0x867 C:\Users\kazes\OneDrive - National University of Singapore\Modules\EE2024\Assignments\Workspace\Lib_MCU\Debug\libLib_MCU.a(lpc17xx_ssp.o)
 .debug_info    0x00005e48      0x8e4 C:\Users\kazes\OneDrive - National University of Singapore\Modules\EE2024\Assignments\Workspace\Lib_MCU\Debug\libLib_MCU.a(lpc17xx_timer.o)
 .debug_info    0x0000672c     0x14df C:\Users\kazes\OneDrive - National University of Singapore\Modules\EE2024\Assignments\Workspace\Lib_MCU\Debug\libLib_MCU.a(lpc17xx_uart.o)
 .debug_info    0x00007c0b      0x641 C:\Users\kazes\OneDrive - National University of Singapore\Modules\EE2024\Assignments\Workspace\Lib_MCU\Debug\libLib_MCU.a(lpc17xx_clkpwr.o)
 .debug_info    0x0000824c      0x106 c:/nxp/lpcxpresso_6.1.4_194/lpcxpresso/tools/bin/../lib/gcc/arm-none-eabi/4.6.2/../../../../arm-none-eabi/lib/armv7-m\libcr_newlib_semihost.a(_cr_sbrk.o)
 .debug_info    0x00008352      0xbec c:/nxp/lpcxpresso_6.1.4_194/lpcxpresso/tools/bin/../lib/gcc/arm-none-eabi/4.6.2/../../../../arm-none-eabi/lib/armv7-m\libcr_newlib_semihost.a(syscalls.o)
 .debug_info    0x00008f3e       0xb5 c:/nxp/lpcxpresso_6.1.4_194/lpcxpresso/tools/bin/../lib/gcc/arm-none-eabi/4.6.2/../../../../arm-none-eabi/lib/armv7-m\libcr_newlib_semihost.a(_cr_check_heap.o)

.debug_abbrev   0x00000000     0x1e14
 .debug_abbrev  0x00000000       0xb4 ./src/cr_startup_lpc17.o
 .debug_abbrev  0x000000b4      0x2ad ./src/main.o
 .debug_abbrev  0x00000361       0xce C:\Users\kazes\OneDrive - National University of Singapore\Modules\EE2024\Assignments\Workspace\Lib_CMSISv1p30_LPC17xx\Debug\libCMSISv1p30_LPC17xx.a(system_LPC17xx.o)
 .debug_abbrev  0x0000042f      0x15c C:\Users\kazes\OneDrive - National University of Singapore\Modules\EE2024\Assignments\Workspace\Lib_EaBaseBoard\Debug\libLib_EaBaseBoard.a(acc.o)
 .debug_abbrev  0x0000058b       0x90 C:\Users\kazes\OneDrive - National University of Singapore\Modules\EE2024\Assignments\Workspace\Lib_EaBaseBoard\Debug\libLib_EaBaseBoard.a(joystick.o)
 .debug_abbrev  0x0000061b      0x155 C:\Users\kazes\OneDrive - National University of Singapore\Modules\EE2024\Assignments\Workspace\Lib_EaBaseBoard\Debug\libLib_EaBaseBoard.a(led7seg.o)
 .debug_abbrev  0x00000770      0x1bd C:\Users\kazes\OneDrive - National University of Singapore\Modules\EE2024\Assignments\Workspace\Lib_EaBaseBoard\Debug\libLib_EaBaseBoard.a(light.o)
 .debug_abbrev  0x0000092d      0x1f1 C:\Users\kazes\OneDrive - National University of Singapore\Modules\EE2024\Assignments\Workspace\Lib_EaBaseBoard\Debug\libLib_EaBaseBoard.a(oled.o)
 .debug_abbrev  0x00000b1e      0x1aa C:\Users\kazes\OneDrive - National University of Singapore\Modules\EE2024\Assignments\Workspace\Lib_EaBaseBoard\Debug\libLib_EaBaseBoard.a(pca9532.o)
 .debug_abbrev  0x00000cc8       0x8e C:\Users\kazes\OneDrive - National University of Singapore\Modules\EE2024\Assignments\Workspace\Lib_EaBaseBoard\Debug\libLib_EaBaseBoard.a(rgb.o)
 .debug_abbrev  0x00000d56       0xc2 C:\Users\kazes\OneDrive - National University of Singapore\Modules\EE2024\Assignments\Workspace\Lib_EaBaseBoard\Debug\libLib_EaBaseBoard.a(temp.o)
 .debug_abbrev  0x00000e18       0x4b C:\Users\kazes\OneDrive - National University of Singapore\Modules\EE2024\Assignments\Workspace\Lib_EaBaseBoard\Debug\libLib_EaBaseBoard.a(font5x7.o)
 .debug_abbrev  0x00000e63      0x185 C:\Users\kazes\OneDrive - National University of Singapore\Modules\EE2024\Assignments\Workspace\Lib_MCU\Debug\libLib_MCU.a(lpc17xx_gpio.o)
 .debug_abbrev  0x00000fe8      0x24a C:\Users\kazes\OneDrive - National University of Singapore\Modules\EE2024\Assignments\Workspace\Lib_MCU\Debug\libLib_MCU.a(lpc17xx_i2c.o)
 .debug_abbrev  0x00001232      0x10a C:\Users\kazes\OneDrive - National University of Singapore\Modules\EE2024\Assignments\Workspace\Lib_MCU\Debug\libLib_MCU.a(lpc17xx_pinsel.o)
 .debug_abbrev  0x0000133c      0x1d3 C:\Users\kazes\OneDrive - National University of Singapore\Modules\EE2024\Assignments\Workspace\Lib_MCU\Debug\libLib_MCU.a(lpc17xx_ssp.o)
 .debug_abbrev  0x0000150f      0x19f C:\Users\kazes\OneDrive - National University of Singapore\Modules\EE2024\Assignments\Workspace\Lib_MCU\Debug\libLib_MCU.a(lpc17xx_timer.o)
 .debug_abbrev  0x000016ae      0x259 C:\Users\kazes\OneDrive - National University of Singapore\Modules\EE2024\Assignments\Workspace\Lib_MCU\Debug\libLib_MCU.a(lpc17xx_uart.o)
 .debug_abbrev  0x00001907      0x174 C:\Users\kazes\OneDrive - National University of Singapore\Modules\EE2024\Assignments\Workspace\Lib_MCU\Debug\libLib_MCU.a(lpc17xx_clkpwr.o)
 .debug_abbrev  0x00001a7b       0xa8 c:/nxp/lpcxpresso_6.1.4_194/lpcxpresso/tools/bin/../lib/gcc/arm-none-eabi/4.6.2/../../../../arm-none-eabi/lib/armv7-m\libcr_newlib_semihost.a(_cr_sbrk.o)
 .debug_abbrev  0x00001b23      0x27f c:/nxp/lpcxpresso_6.1.4_194/lpcxpresso/tools/bin/../lib/gcc/arm-none-eabi/4.6.2/../../../../arm-none-eabi/lib/armv7-m\libcr_newlib_semihost.a(syscalls.o)
 .debug_abbrev  0x00001da2       0x72 c:/nxp/lpcxpresso_6.1.4_194/lpcxpresso/tools/bin/../lib/gcc/arm-none-eabi/4.6.2/../../../../arm-none-eabi/lib/armv7-m\libcr_newlib_semihost.a(_cr_check_heap.o)

.debug_loc      0x00000000     0x3a7c
 .debug_loc     0x00000000      0x1f0 ./src/cr_startup_lpc17.o
 .debug_loc     0x000001f0      0x406 ./src/main.o
 .debug_loc     0x000005f6       0x58 C:\Users\kazes\OneDrive - National University of Singapore\Modules\EE2024\Assignments\Workspace\Lib_CMSISv1p30_LPC17xx\Debug\libCMSISv1p30_LPC17xx.a(system_LPC17xx.o)
 .debug_loc     0x0000064e      0x1f0 C:\Users\kazes\OneDrive - National University of Singapore\Modules\EE2024\Assignments\Workspace\Lib_EaBaseBoard\Debug\libLib_EaBaseBoard.a(acc.o)
 .debug_loc     0x0000083e       0x64 C:\Users\kazes\OneDrive - National University of Singapore\Modules\EE2024\Assignments\Workspace\Lib_EaBaseBoard\Debug\libLib_EaBaseBoard.a(joystick.o)
 .debug_loc     0x000008a2       0x64 C:\Users\kazes\OneDrive - National University of Singapore\Modules\EE2024\Assignments\Workspace\Lib_EaBaseBoard\Debug\libLib_EaBaseBoard.a(led7seg.o)
 .debug_loc     0x00000906      0x378 C:\Users\kazes\OneDrive - National University of Singapore\Modules\EE2024\Assignments\Workspace\Lib_EaBaseBoard\Debug\libLib_EaBaseBoard.a(light.o)
 .debug_loc     0x00000c7e      0x33e C:\Users\kazes\OneDrive - National University of Singapore\Modules\EE2024\Assignments\Workspace\Lib_EaBaseBoard\Debug\libLib_EaBaseBoard.a(oled.o)
 .debug_loc     0x00000fbc      0x2d0 C:\Users\kazes\OneDrive - National University of Singapore\Modules\EE2024\Assignments\Workspace\Lib_EaBaseBoard\Debug\libLib_EaBaseBoard.a(pca9532.o)
 .debug_loc     0x0000128c       0x64 C:\Users\kazes\OneDrive - National University of Singapore\Modules\EE2024\Assignments\Workspace\Lib_EaBaseBoard\Debug\libLib_EaBaseBoard.a(rgb.o)
 .debug_loc     0x000012f0       0x70 C:\Users\kazes\OneDrive - National University of Singapore\Modules\EE2024\Assignments\Workspace\Lib_EaBaseBoard\Debug\libLib_EaBaseBoard.a(temp.o)
 .debug_loc     0x00001360      0x4d0 C:\Users\kazes\OneDrive - National University of Singapore\Modules\EE2024\Assignments\Workspace\Lib_MCU\Debug\libLib_MCU.a(lpc17xx_gpio.o)
 .debug_loc     0x00001830      0x4e4 C:\Users\kazes\OneDrive - National University of Singapore\Modules\EE2024\Assignments\Workspace\Lib_MCU\Debug\libLib_MCU.a(lpc17xx_i2c.o)
 .debug_loc     0x00001d14      0x150 C:\Users\kazes\OneDrive - National University of Singapore\Modules\EE2024\Assignments\Workspace\Lib_MCU\Debug\libLib_MCU.a(lpc17xx_pinsel.o)
 .debug_loc     0x00001e64      0x448 C:\Users\kazes\OneDrive - National University of Singapore\Modules\EE2024\Assignments\Workspace\Lib_MCU\Debug\libLib_MCU.a(lpc17xx_ssp.o)
 .debug_loc     0x000022ac      0x3b8 C:\Users\kazes\OneDrive - National University of Singapore\Modules\EE2024\Assignments\Workspace\Lib_MCU\Debug\libLib_MCU.a(lpc17xx_timer.o)
 .debug_loc     0x00002664      0x77a C:\Users\kazes\OneDrive - National University of Singapore\Modules\EE2024\Assignments\Workspace\Lib_MCU\Debug\libLib_MCU.a(lpc17xx_uart.o)
 .debug_loc     0x00002dde      0x1bc C:\Users\kazes\OneDrive - National University of Singapore\Modules\EE2024\Assignments\Workspace\Lib_MCU\Debug\libLib_MCU.a(lpc17xx_clkpwr.o)
 .debug_loc     0x00002f9a       0x55 c:/nxp/lpcxpresso_6.1.4_194/lpcxpresso/tools/bin/../lib/gcc/arm-none-eabi/4.6.2/../../../../arm-none-eabi/lib/armv7-m\libcr_newlib_semihost.a(_cr_sbrk.o)
 .debug_loc     0x00002fef      0xa64 c:/nxp/lpcxpresso_6.1.4_194/lpcxpresso/tools/bin/../lib/gcc/arm-none-eabi/4.6.2/../../../../arm-none-eabi/lib/armv7-m\libcr_newlib_semihost.a(syscalls.o)
 .debug_loc     0x00003a53       0x29 c:/nxp/lpcxpresso_6.1.4_194/lpcxpresso/tools/bin/../lib/gcc/arm-none-eabi/4.6.2/../../../../arm-none-eabi/lib/armv7-m\libcr_newlib_semihost.a(_cr_check_heap.o)

.debug_aranges  0x00000000      0x9e8
 .debug_aranges
                0x00000000       0x70 ./src/cr_startup_lpc17.o
 .debug_aranges
                0x00000070       0xb0 ./src/main.o
 .debug_aranges
                0x00000120       0x28 C:\Users\kazes\OneDrive - National University of Singapore\Modules\EE2024\Assignments\Workspace\Lib_CMSISv1p30_LPC17xx\Debug\libCMSISv1p30_LPC17xx.a(system_LPC17xx.o)
 .debug_aranges
                0x00000148       0x60 C:\Users\kazes\OneDrive - National University of Singapore\Modules\EE2024\Assignments\Workspace\Lib_EaBaseBoard\Debug\libLib_EaBaseBoard.a(acc.o)
 .debug_aranges
                0x000001a8       0x28 C:\Users\kazes\OneDrive - National University of Singapore\Modules\EE2024\Assignments\Workspace\Lib_EaBaseBoard\Debug\libLib_EaBaseBoard.a(joystick.o)
 .debug_aranges
                0x000001d0       0x28 C:\Users\kazes\OneDrive - National University of Singapore\Modules\EE2024\Assignments\Workspace\Lib_EaBaseBoard\Debug\libLib_EaBaseBoard.a(led7seg.o)
 .debug_aranges
                0x000001f8       0x98 C:\Users\kazes\OneDrive - National University of Singapore\Modules\EE2024\Assignments\Workspace\Lib_EaBaseBoard\Debug\libLib_EaBaseBoard.a(light.o)
 .debug_aranges
                0x00000290       0x90 C:\Users\kazes\OneDrive - National University of Singapore\Modules\EE2024\Assignments\Workspace\Lib_EaBaseBoard\Debug\libLib_EaBaseBoard.a(oled.o)
 .debug_aranges
                0x00000320       0x80 C:\Users\kazes\OneDrive - National University of Singapore\Modules\EE2024\Assignments\Workspace\Lib_EaBaseBoard\Debug\libLib_EaBaseBoard.a(pca9532.o)
 .debug_aranges
                0x000003a0       0x28 C:\Users\kazes\OneDrive - National University of Singapore\Modules\EE2024\Assignments\Workspace\Lib_EaBaseBoard\Debug\libLib_EaBaseBoard.a(rgb.o)
 .debug_aranges
                0x000003c8       0x28 C:\Users\kazes\OneDrive - National University of Singapore\Modules\EE2024\Assignments\Workspace\Lib_EaBaseBoard\Debug\libLib_EaBaseBoard.a(temp.o)
 .debug_aranges
                0x000003f0       0xc8 C:\Users\kazes\OneDrive - National University of Singapore\Modules\EE2024\Assignments\Workspace\Lib_MCU\Debug\libLib_MCU.a(lpc17xx_gpio.o)
 .debug_aranges
                0x000004b8       0xd0 C:\Users\kazes\OneDrive - National University of Singapore\Modules\EE2024\Assignments\Workspace\Lib_MCU\Debug\libLib_MCU.a(lpc17xx_i2c.o)
 .debug_aranges
                0x00000588       0x48 C:\Users\kazes\OneDrive - National University of Singapore\Modules\EE2024\Assignments\Workspace\Lib_MCU\Debug\libLib_MCU.a(lpc17xx_pinsel.o)
 .debug_aranges
                0x000005d0       0xb8 C:\Users\kazes\OneDrive - National University of Singapore\Modules\EE2024\Assignments\Workspace\Lib_MCU\Debug\libLib_MCU.a(lpc17xx_ssp.o)
 .debug_aranges
                0x00000688       0xa0 C:\Users\kazes\OneDrive - National University of Singapore\Modules\EE2024\Assignments\Workspace\Lib_MCU\Debug\libLib_MCU.a(lpc17xx_timer.o)
 .debug_aranges
                0x00000728      0x130 C:\Users\kazes\OneDrive - National University of Singapore\Modules\EE2024\Assignments\Workspace\Lib_MCU\Debug\libLib_MCU.a(lpc17xx_uart.o)
 .debug_aranges
                0x00000858       0x60 C:\Users\kazes\OneDrive - National University of Singapore\Modules\EE2024\Assignments\Workspace\Lib_MCU\Debug\libLib_MCU.a(lpc17xx_clkpwr.o)
 .debug_aranges
                0x000008b8       0x20 c:/nxp/lpcxpresso_6.1.4_194/lpcxpresso/tools/bin/../lib/gcc/arm-none-eabi/4.6.2/../../../../arm-none-eabi/lib/armv7-m\libcr_newlib_semihost.a(_cr_sbrk.o)
 .debug_aranges
                0x000008d8       0xf0 c:/nxp/lpcxpresso_6.1.4_194/lpcxpresso/tools/bin/../lib/gcc/arm-none-eabi/4.6.2/../../../../arm-none-eabi/lib/armv7-m\libcr_newlib_semihost.a(syscalls.o)
 .debug_aranges
                0x000009c8       0x20 c:/nxp/lpcxpresso_6.1.4_194/lpcxpresso/tools/bin/../lib/gcc/arm-none-eabi/4.6.2/../../../../arm-none-eabi/lib/armv7-m\libcr_newlib_semihost.a(_cr_check_heap.o)

.debug_ranges   0x00000000      0x8f8
 .debug_ranges  0x00000000       0x60 ./src/cr_startup_lpc17.o
 .debug_ranges  0x00000060       0xa0 ./src/main.o
 .debug_ranges  0x00000100       0x18 C:\Users\kazes\OneDrive - National University of Singapore\Modules\EE2024\Assignments\Workspace\Lib_CMSISv1p30_LPC17xx\Debug\libCMSISv1p30_LPC17xx.a(system_LPC17xx.o)
 .debug_ranges  0x00000118       0x50 C:\Users\kazes\OneDrive - National University of Singapore\Modules\EE2024\Assignments\Workspace\Lib_EaBaseBoard\Debug\libLib_EaBaseBoard.a(acc.o)
 .debug_ranges  0x00000168       0x18 C:\Users\kazes\OneDrive - National University of Singapore\Modules\EE2024\Assignments\Workspace\Lib_EaBaseBoard\Debug\libLib_EaBaseBoard.a(joystick.o)
 .debug_ranges  0x00000180       0x18 C:\Users\kazes\OneDrive - National University of Singapore\Modules\EE2024\Assignments\Workspace\Lib_EaBaseBoard\Debug\libLib_EaBaseBoard.a(led7seg.o)
 .debug_ranges  0x00000198       0x88 C:\Users\kazes\OneDrive - National University of Singapore\Modules\EE2024\Assignments\Workspace\Lib_EaBaseBoard\Debug\libLib_EaBaseBoard.a(light.o)
 .debug_ranges  0x00000220       0x80 C:\Users\kazes\OneDrive - National University of Singapore\Modules\EE2024\Assignments\Workspace\Lib_EaBaseBoard\Debug\libLib_EaBaseBoard.a(oled.o)
 .debug_ranges  0x000002a0       0x70 C:\Users\kazes\OneDrive - National University of Singapore\Modules\EE2024\Assignments\Workspace\Lib_EaBaseBoard\Debug\libLib_EaBaseBoard.a(pca9532.o)
 .debug_ranges  0x00000310       0x18 C:\Users\kazes\OneDrive - National University of Singapore\Modules\EE2024\Assignments\Workspace\Lib_EaBaseBoard\Debug\libLib_EaBaseBoard.a(rgb.o)
 .debug_ranges  0x00000328       0x18 C:\Users\kazes\OneDrive - National University of Singapore\Modules\EE2024\Assignments\Workspace\Lib_EaBaseBoard\Debug\libLib_EaBaseBoard.a(temp.o)
 .debug_ranges  0x00000340       0xb8 C:\Users\kazes\OneDrive - National University of Singapore\Modules\EE2024\Assignments\Workspace\Lib_MCU\Debug\libLib_MCU.a(lpc17xx_gpio.o)
 .debug_ranges  0x000003f8       0xc0 C:\Users\kazes\OneDrive - National University of Singapore\Modules\EE2024\Assignments\Workspace\Lib_MCU\Debug\libLib_MCU.a(lpc17xx_i2c.o)
 .debug_ranges  0x000004b8       0x38 C:\Users\kazes\OneDrive - National University of Singapore\Modules\EE2024\Assignments\Workspace\Lib_MCU\Debug\libLib_MCU.a(lpc17xx_pinsel.o)
 .debug_ranges  0x000004f0       0xa8 C:\Users\kazes\OneDrive - National University of Singapore\Modules\EE2024\Assignments\Workspace\Lib_MCU\Debug\libLib_MCU.a(lpc17xx_ssp.o)
 .debug_ranges  0x00000598       0x90 C:\Users\kazes\OneDrive - National University of Singapore\Modules\EE2024\Assignments\Workspace\Lib_MCU\Debug\libLib_MCU.a(lpc17xx_timer.o)
 .debug_ranges  0x00000628      0x120 C:\Users\kazes\OneDrive - National University of Singapore\Modules\EE2024\Assignments\Workspace\Lib_MCU\Debug\libLib_MCU.a(lpc17xx_uart.o)
 .debug_ranges  0x00000748       0x50 C:\Users\kazes\OneDrive - National University of Singapore\Modules\EE2024\Assignments\Workspace\Lib_MCU\Debug\libLib_MCU.a(lpc17xx_clkpwr.o)
 .debug_ranges  0x00000798       0x10 c:/nxp/lpcxpresso_6.1.4_194/lpcxpresso/tools/bin/../lib/gcc/arm-none-eabi/4.6.2/../../../../arm-none-eabi/lib/armv7-m\libcr_newlib_semihost.a(_cr_sbrk.o)
 .debug_ranges  0x000007a8      0x140 c:/nxp/lpcxpresso_6.1.4_194/lpcxpresso/tools/bin/../lib/gcc/arm-none-eabi/4.6.2/../../../../arm-none-eabi/lib/armv7-m\libcr_newlib_semihost.a(syscalls.o)
 .debug_ranges  0x000008e8       0x10 c:/nxp/lpcxpresso_6.1.4_194/lpcxpresso/tools/bin/../lib/gcc/arm-none-eabi/4.6.2/../../../../arm-none-eabi/lib/armv7-m\libcr_newlib_semihost.a(_cr_check_heap.o)

.debug_line     0x00000000     0x7bcc
 .debug_line    0x00000000      0x39b ./src/cr_startup_lpc17.o
 .debug_line    0x0000039b      0xa9e ./src/main.o
 .debug_line    0x00000e39      0x43a C:\Users\kazes\OneDrive - National University of Singapore\Modules\EE2024\Assignments\Workspace\Lib_CMSISv1p30_LPC17xx\Debug\libCMSISv1p30_LPC17xx.a(system_LPC17xx.o)
 .debug_line    0x00001273      0x57b C:\Users\kazes\OneDrive - National University of Singapore\Modules\EE2024\Assignments\Workspace\Lib_EaBaseBoard\Debug\libLib_EaBaseBoard.a(acc.o)
 .debug_line    0x000017ee      0x4e6 C:\Users\kazes\OneDrive - National University of Singapore\Modules\EE2024\Assignments\Workspace\Lib_EaBaseBoard\Debug\libLib_EaBaseBoard.a(joystick.o)
 .debug_line    0x00001cd4      0x4f6 C:\Users\kazes\OneDrive - National University of Singapore\Modules\EE2024\Assignments\Workspace\Lib_EaBaseBoard\Debug\libLib_EaBaseBoard.a(led7seg.o)
 .debug_line    0x000021ca      0x627 C:\Users\kazes\OneDrive - National University of Singapore\Modules\EE2024\Assignments\Workspace\Lib_EaBaseBoard\Debug\libLib_EaBaseBoard.a(light.o)
 .debug_line    0x000027f1      0x800 C:\Users\kazes\OneDrive - National University of Singapore\Modules\EE2024\Assignments\Workspace\Lib_EaBaseBoard\Debug\libLib_EaBaseBoard.a(oled.o)
 .debug_line    0x00002ff1      0x612 C:\Users\kazes\OneDrive - National University of Singapore\Modules\EE2024\Assignments\Workspace\Lib_EaBaseBoard\Debug\libLib_EaBaseBoard.a(pca9532.o)
 .debug_line    0x00003603      0x4d3 C:\Users\kazes\OneDrive - National University of Singapore\Modules\EE2024\Assignments\Workspace\Lib_EaBaseBoard\Debug\libLib_EaBaseBoard.a(rgb.o)
 .debug_line    0x00003ad6      0x4f4 C:\Users\kazes\OneDrive - National University of Singapore\Modules\EE2024\Assignments\Workspace\Lib_EaBaseBoard\Debug\libLib_EaBaseBoard.a(temp.o)
 .debug_line    0x00003fca       0xb5 C:\Users\kazes\OneDrive - National University of Singapore\Modules\EE2024\Assignments\Workspace\Lib_EaBaseBoard\Debug\libLib_EaBaseBoard.a(font5x7.o)
 .debug_line    0x0000407f      0x644 C:\Users\kazes\OneDrive - National University of Singapore\Modules\EE2024\Assignments\Workspace\Lib_MCU\Debug\libLib_MCU.a(lpc17xx_gpio.o)
 .debug_line    0x000046c3      0x95f C:\Users\kazes\OneDrive - National University of Singapore\Modules\EE2024\Assignments\Workspace\Lib_MCU\Debug\libLib_MCU.a(lpc17xx_i2c.o)
 .debug_line    0x00005022      0x4c3 C:\Users\kazes\OneDrive - National University of Singapore\Modules\EE2024\Assignments\Workspace\Lib_MCU\Debug\libLib_MCU.a(lpc17xx_pinsel.o)
 .debug_line    0x000054e5      0x892 C:\Users\kazes\OneDrive - National University of Singapore\Modules\EE2024\Assignments\Workspace\Lib_MCU\Debug\libLib_MCU.a(lpc17xx_ssp.o)
 .debug_line    0x00005d77      0x7f0 C:\Users\kazes\OneDrive - National University of Singapore\Modules\EE2024\Assignments\Workspace\Lib_MCU\Debug\libLib_MCU.a(lpc17xx_timer.o)
 .debug_line    0x00006567      0xbde C:\Users\kazes\OneDrive - National University of Singapore\Modules\EE2024\Assignments\Workspace\Lib_MCU\Debug\libLib_MCU.a(lpc17xx_uart.o)
 .debug_line    0x00007145      0x524 C:\Users\kazes\OneDrive - National University of Singapore\Modules\EE2024\Assignments\Workspace\Lib_MCU\Debug\libLib_MCU.a(lpc17xx_clkpwr.o)
 .debug_line    0x00007669       0xc0 c:/nxp/lpcxpresso_6.1.4_194/lpcxpresso/tools/bin/../lib/gcc/arm-none-eabi/4.6.2/../../../../arm-none-eabi/lib/armv7-m\libcr_newlib_semihost.a(_cr_sbrk.o)
 .debug_line    0x00007729      0x44f c:/nxp/lpcxpresso_6.1.4_194/lpcxpresso/tools/bin/../lib/gcc/arm-none-eabi/4.6.2/../../../../arm-none-eabi/lib/armv7-m\libcr_newlib_semihost.a(syscalls.o)
 .debug_line    0x00007b78       0x54 c:/nxp/lpcxpresso_6.1.4_194/lpcxpresso/tools/bin/../lib/gcc/arm-none-eabi/4.6.2/../../../../arm-none-eabi/lib/armv7-m\libcr_newlib_semihost.a(_cr_check_heap.o)

.debug_macinfo  0x00000000    0xa8357
 .debug_macinfo
                0x00000000     0x2c15 ./src/cr_startup_lpc17.o
 .debug_macinfo
                0x00002c15     0xe397 ./src/main.o
 .debug_macinfo
                0x00010fac     0x83f8 C:\Users\kazes\OneDrive - National University of Singapore\Modules\EE2024\Assignments\Workspace\Lib_CMSISv1p30_LPC17xx\Debug\libCMSISv1p30_LPC17xx.a(system_LPC17xx.o)
 .debug_macinfo
                0x000193a4     0x8f1b C:\Users\kazes\OneDrive - National University of Singapore\Modules\EE2024\Assignments\Workspace\Lib_EaBaseBoard\Debug\libLib_EaBaseBoard.a(acc.o)
 .debug_macinfo
                0x000222bf     0x858b C:\Users\kazes\OneDrive - National University of Singapore\Modules\EE2024\Assignments\Workspace\Lib_EaBaseBoard\Debug\libLib_EaBaseBoard.a(joystick.o)
 .debug_macinfo
                0x0002a84a     0x96a3 C:\Users\kazes\OneDrive - National University of Singapore\Modules\EE2024\Assignments\Workspace\Lib_EaBaseBoard\Debug\libLib_EaBaseBoard.a(led7seg.o)
 .debug_macinfo
                0x00033eed     0x8e3a C:\Users\kazes\OneDrive - National University of Singapore\Modules\EE2024\Assignments\Workspace\Lib_EaBaseBoard\Debug\libLib_EaBaseBoard.a(light.o)
 .debug_macinfo
                0x0003cd27     0xa143 C:\Users\kazes\OneDrive - National University of Singapore\Modules\EE2024\Assignments\Workspace\Lib_EaBaseBoard\Debug\libLib_EaBaseBoard.a(oled.o)
 .debug_macinfo
                0x00046e6a     0x8e59 C:\Users\kazes\OneDrive - National University of Singapore\Modules\EE2024\Assignments\Workspace\Lib_EaBaseBoard\Debug\libLib_EaBaseBoard.a(pca9532.o)
 .debug_macinfo
                0x0004fcc3     0x854c C:\Users\kazes\OneDrive - National University of Singapore\Modules\EE2024\Assignments\Workspace\Lib_EaBaseBoard\Debug\libLib_EaBaseBoard.a(rgb.o)
 .debug_macinfo
                0x0005820f     0x85e6 C:\Users\kazes\OneDrive - National University of Singapore\Modules\EE2024\Assignments\Workspace\Lib_EaBaseBoard\Debug\libLib_EaBaseBoard.a(temp.o)
 .debug_macinfo
                0x000607f5     0x332a C:\Users\kazes\OneDrive - National University of Singapore\Modules\EE2024\Assignments\Workspace\Lib_EaBaseBoard\Debug\libLib_EaBaseBoard.a(font5x7.o)
 .debug_macinfo
                0x00063b1f     0x86b8 C:\Users\kazes\OneDrive - National University of Singapore\Modules\EE2024\Assignments\Workspace\Lib_MCU\Debug\libLib_MCU.a(lpc17xx_gpio.o)
 .debug_macinfo
                0x0006c1d7     0xa5d8 C:\Users\kazes\OneDrive - National University of Singapore\Modules\EE2024\Assignments\Workspace\Lib_MCU\Debug\libLib_MCU.a(lpc17xx_i2c.o)
 .debug_macinfo
                0x000767af     0x87d3 C:\Users\kazes\OneDrive - National University of Singapore\Modules\EE2024\Assignments\Workspace\Lib_MCU\Debug\libLib_MCU.a(lpc17xx_pinsel.o)
 .debug_macinfo
                0x0007ef82     0xa8d0 C:\Users\kazes\OneDrive - National University of Singapore\Modules\EE2024\Assignments\Workspace\Lib_MCU\Debug\libLib_MCU.a(lpc17xx_ssp.o)
 .debug_macinfo
                0x00089852     0xa4cd C:\Users\kazes\OneDrive - National University of Singapore\Modules\EE2024\Assignments\Workspace\Lib_MCU\Debug\libLib_MCU.a(lpc17xx_timer.o)
 .debug_macinfo
                0x00093d1f     0xb03f C:\Users\kazes\OneDrive - National University of Singapore\Modules\EE2024\Assignments\Workspace\Lib_MCU\Debug\libLib_MCU.a(lpc17xx_uart.o)
 .debug_macinfo
                0x0009ed5e     0x95f9 C:\Users\kazes\OneDrive - National University of Singapore\Modules\EE2024\Assignments\Workspace\Lib_MCU\Debug\libLib_MCU.a(lpc17xx_clkpwr.o)

.debug_str      0x00000000     0x30f9
 .debug_str     0x00000000      0x1a1 ./src/cr_startup_lpc17.o
                                0x1db (size before relaxing)
 .debug_str     0x000001a1      0x890 ./src/main.o
                                0x9b4 (size before relaxing)
 .debug_str     0x00000a31      0x1a8 C:\Users\kazes\OneDrive - National University of Singapore\Modules\EE2024\Assignments\Workspace\Lib_CMSISv1p30_LPC17xx\Debug\libCMSISv1p30_LPC17xx.a(system_LPC17xx.o)
                                0x2cf (size before relaxing)
 .debug_str     0x00000bd9      0x24c C:\Users\kazes\OneDrive - National University of Singapore\Modules\EE2024\Assignments\Workspace\Lib_EaBaseBoard\Debug\libLib_EaBaseBoard.a(acc.o)
                                0x3cb (size before relaxing)
 .debug_str     0x00000e25       0x3a C:\Users\kazes\OneDrive - National University of Singapore\Modules\EE2024\Assignments\Workspace\Lib_EaBaseBoard\Debug\libLib_EaBaseBoard.a(joystick.o)
                                0x19c (size before relaxing)
 .debug_str     0x00000e5f       0x95 C:\Users\kazes\OneDrive - National University of Singapore\Modules\EE2024\Assignments\Workspace\Lib_EaBaseBoard\Debug\libLib_EaBaseBoard.a(led7seg.o)
                                0x237 (size before relaxing)
 .debug_str     0x00000ef4      0x204 C:\Users\kazes\OneDrive - National University of Singapore\Modules\EE2024\Assignments\Workspace\Lib_EaBaseBoard\Debug\libLib_EaBaseBoard.a(light.o)
                                0x530 (size before relaxing)
 .debug_str     0x000010f8      0x1b2 C:\Users\kazes\OneDrive - National University of Singapore\Modules\EE2024\Assignments\Workspace\Lib_EaBaseBoard\Debug\libLib_EaBaseBoard.a(oled.o)
                                0x3e8 (size before relaxing)
 .debug_str     0x000012aa      0x136 C:\Users\kazes\OneDrive - National University of Singapore\Modules\EE2024\Assignments\Workspace\Lib_EaBaseBoard\Debug\libLib_EaBaseBoard.a(pca9532.o)
                                0x422 (size before relaxing)
 .debug_str     0x000013e0       0x22 C:\Users\kazes\OneDrive - National University of Singapore\Modules\EE2024\Assignments\Workspace\Lib_EaBaseBoard\Debug\libLib_EaBaseBoard.a(rgb.o)
                                0x17c (size before relaxing)
 .debug_str     0x00001402       0x2d C:\Users\kazes\OneDrive - National University of Singapore\Modules\EE2024\Assignments\Workspace\Lib_EaBaseBoard\Debug\libLib_EaBaseBoard.a(temp.o)
                                0x19f (size before relaxing)
 .debug_str     0x0000142f       0x11 C:\Users\kazes\OneDrive - National University of Singapore\Modules\EE2024\Assignments\Workspace\Lib_EaBaseBoard\Debug\libLib_EaBaseBoard.a(font5x7.o)
                                 0xf3 (size before relaxing)
 .debug_str     0x00001440      0x3ac C:\Users\kazes\OneDrive - National University of Singapore\Modules\EE2024\Assignments\Workspace\Lib_MCU\Debug\libLib_MCU.a(lpc17xx_gpio.o)
                                0x4a4 (size before relaxing)
 .debug_str     0x000017ec      0x304 C:\Users\kazes\OneDrive - National University of Singapore\Modules\EE2024\Assignments\Workspace\Lib_MCU\Debug\libLib_MCU.a(lpc17xx_i2c.o)
                                0x83a (size before relaxing)
 .debug_str     0x00001af0      0x214 C:\Users\kazes\OneDrive - National University of Singapore\Modules\EE2024\Assignments\Workspace\Lib_MCU\Debug\libLib_MCU.a(lpc17xx_pinsel.o)
                                0x3d9 (size before relaxing)
 .debug_str     0x00001d04      0x204 C:\Users\kazes\OneDrive - National University of Singapore\Modules\EE2024\Assignments\Workspace\Lib_MCU\Debug\libLib_MCU.a(lpc17xx_ssp.o)